2.0с экран героя открыт, строка: 🧠 Мастер придумывает героя под эту игру…
2.0с стартовый набор: Воин
3.2с набор героя: Телескопический пилот | строка: 🧠 Мастер: Герой придуман под эту игру — «Другой набор» позовёт его снова
3.2с шаги: {"class":"Коммутатор","race":"Раса / вид","origin":"Происхождение","classes":4,"races":3,"origins":3,"legacy":true}
3.2с набор героя: {
 "classes": [
  {
   "title": "Телескопический пилот",
   "hint": "смотрит за простыми дорогами, ищет сквозняки",
   "bonus": "Сила +2 · Ловкость +1",
   "ability": "🌑 Метеоритный щит — отражает стрелы и позволяет видеть сквозь песчаны"
  },
  {
   "title": "Пастуший мудрец",
   "hint": "ведет группу через опасные ранения, знает тайны песков",
   "bonus": "Разум +2 · Восприятие +1",
   "ability": "🌑 Песочный шепот — уклоняется от атак и раскрывает скрытые узлы"
  },
  {
   "title": "Черноморский караванщик",
   "hint": "турирует пустыню, находит скрытые тропы",
   "bonus": "Ловкость +2 · Телосложение +1",
   "ability": "🌑 Песчаная маска — маскировка и быстрое перемещение"
  },
  {
   "title": "Завоеватель пустыни",
   "hint": "создаёт сети ловушек, разгадывает коды",
   "bonus": "Сила +2 · Воля +1",
   "ability": "🌑 Сигнал крошечных песчаных бурь — зовут метеоритовые прибои"
  }
 ],
 "races": [
  "🐺 Амаж · наследует песок, может телепортироваться в песок",
  "🐉 Кинжал · необычный металл, не ржавит",
  "👑 Песчаная душа · исключительно чувствует ветер"
 ],
 "origins": [
  "🎲 · Хранитель Песчаных реликвийвзглянул на карту, ведущую к каравану · · ключ от таинственной бухты",
  "🎓 · Лев-стражзамечает движения в песке · · стражный кристалл",
  "⛪ · Патриарх ветровзаметил следы приближенного каравана · · песчаное амулет"
 ]
}
4.4с перебор за 1.0с: новый набор: Картограф карий рифтов | Бард-страж | Страж-алхимик | Перехватчик
14.6с строка после мира: 🧠 Мастер: Герой придуман под эту игру — «Другой набор» позовёт его снова
14.8с игровой экран открыт
18.0с игра: {
 "title": "Ржавые Пески Кар-Адама",
 "sub": "Народная лестница · Ход 1 · ❤️ 11/11",
 "chapter": "Глава: Народная лестница",
 "scene": "Песчаный ветер шуршит по узкому проходу, а отдалённый шорох гудки напоминает о пропаже. Твои шаги оставляют следы, но земля молчит.",
 "options": 3,
 "theme": "night",
 "avatarHidden": true,
 "actors": true,
 "speakHidden": false,
 "heroClass": "Картограф карий рифтов",
 "heroAbility": "Путеводный след",
 "memory": {
  "place": "",
  "npcs": 1,
  "facts": 0
 },
 "worldHero": "custom",
 "styleId": "grimwood"
}
19.9с бросок 1: {"open":true,"value":"6","caption":"Проверка: Восприятие 👁️Сложность 11 · Средне","check":"👁️ Восприятие +1 · сложность 11 · шанс 55%","scene":"dice-scene dice-scene is-fail"}
31.8с ход 1: {
 "scene": "Твои лапы в глине оставили милый след, но следы каравана исчезли, как песочная дымка. Слабый ветер уносит их вдаль, а вд",
 "options": 3,
 "turn": 2,
 "memory": {
  "place": "широкая пустынная тропа",
  "npcs": 2,
  "openings": 2,
  "deeds": 1
 },
 "chapter": "Глава: Народная лестница",
 "imageKey": "grimwood:широкая-пустынная-тропа",
 "streamingSeen": true
}
33.8с настройки: {"rows":5,"buttons":["Мрачно","Героично","С иронией","Мягко","Как в книге","Жёстко","🗣 Озвучка сцены","🚫 Без озвучки"]}
34.7с настройки → С иронией : {"tone":"ironic","rating":"normal","theme":"auto","voice":false,"ambient":true}
39.5с настройки → Жёстко : {"tone":"ironic","rating":"hard","theme":"auto","voice":false,"ambient":true}
44.3с настройки → 🗣 Озвучка сцены : {"tone":"ironic","rating":"hard","theme":"auto","voice":true,"ambient":true}
49.0с настройки → Чёрная : {"tone":"ironic","rating":"hard","theme":"oled","voice":true,"ambient":true}
53.1с тема страницы: oled
53.5с сохранение о падении подготовлено: {"key":"dt2:game:gmueaig058jpb","turn":2}
55.1с кнопка сохранения: Продолжить
56.8с эпилог: {
 "title": "Конец истории",
 "text": "Каин не дошёл до конца — история оборвалась на 2-м ходу.\nПройденный путь: Народная лестница.\nЧто осталось в памяти: мост сожжён; караванщик Мара обещал помочь.\nЧто успел сделать: отследить оставшиеся следы каравана.\nРядом были: Мара.\nХодов: 2.2ходов1знакомых2о",
 "stats": [
  "2ходов",
  "1знакомых",
  "2осталось в памяти",
  "+1пепел"
 ],
 "legacy": "{\"version\":1,\"runs\":1,\"victories\":0,\"defeats\":1,\"ashes\":1,\"heroes\":[{\"name\":\"Каин\",\"className\":\"Картограф карий рифтов\",\"raceName\":\"Песчаный Тигр\",\"world\":\"Ржавые Пески Кар-Адама\",\"ending\":\"downfall\",\"turns\":2,\"at\":1790179303902}],\"deeds\":[\"отследить оставшиеся следы каравана\",\"мост сожжён\",\"караванщик Мара обещал помочь\"],\"unlocked\":{\"origin-memory\":true}}"
}
57.0с наследие после кампании: {"runs":1,"defeats":1,"ashes":1,"heroes":1,"unlocked":["origin-memory"]}
57.7с после закрытия эпилога экраны: saves
60.2с наследие на экране героя: {"hidden":false,"text":"🕯 Пройдено кампаний: 1 (побед: 0, падений: 1). Пепел памяти: 1. Прошлая жизнь: Каин, Картограф карий рифтов — погиб в мире «Ржавые Пески Кар-Адама». Помнят о н"}
61.2с сейв с взятой целью: {"key":"dt2:game:gmueaig058jpb","turn":2,"hp":11,"over":false}
61.9с карточка победного сейва: Продолжить ok
63.5с финал с взятой целью: {
 "title": "Финал",
 "text": "Каин довёл дело до конца: Найти пропавший караван.\nПройденный путь: Народная лестница.\nЧто осталось в памяти: мост сожжён; караванщик Мара обещал помочь.\nЧто успел сделать: отследить оставшиеся следы ",
 "stats": [
  "2ходов",
  "1знакомых",
  "2осталось в памяти",
  "+3пепел"
 ],
 "unlock": "🕯 Для будущих жизней открыто: Носитель наследия"
}
64.5с летопись после победы: {"ending":"victory","questDone":true,"endingSeen":true,"runs":2,"victories":1,"defeats":1,"ashes":4,"unlocked":["origin-memory","class-heir"],"chronicle":"Каин · victory · ходов 2"}
64.5с ошибки страницы: нет
ИТОГ: ✓
