2.2с экран героя открыт, строка: 🧠 Мастер придумывает героя под эту игру…
2.3с стартовый набор: Воин
11.6с набор героя: Телескопический пилот | строка: 🧠 Мастер: Герой придуман под эту игру — «Другой набор» позовёт его снова
11.6с шаги: {"class":"Коммутатор","race":"Раса / вид","origin":"Происхождение","classes":4,"races":3,"origins":3,"legacy":true}
11.6с набор героя: {
 "classes": [
  {
   "title": "Телескопический пилот",
   "hint": "смотрит за простыми дорогами, ищет сквозняки",
   "bonus": "Сила +2 · Ловкость +1",
   "ability": "🌑 Метеоритный щит — отражает стрелы и позволяет видеть сквозь песчаны"
  },
  {
   "title": "Пастуший мудрец",
   "hint": "ведет группу через опасные ранения, знает тайны песков",
   "bonus": "Разум +2 · Восприятие +1",
   "ability": "🌑 Песочный шепот — уклоняется от атак и раскрывает скрытые узлы"
  },
  {
   "title": "Черноморский караванщик",
   "hint": "турирует пустыню, находит скрытые тропы",
   "bonus": "Ловкость +2 · Телосложение +1",
   "ability": "🌑 Песчаная маска — маскировка и быстрое перемещение"
  },
  {
   "title": "Завоеватель пустыни",
   "hint": "создаёт сети ловушек, разгадывает коды",
   "bonus": "Сила +2 · Воля +1",
   "ability": "🌑 Сигнал крошечных песчаных бурь — зовут метеоритовые прибои"
  }
 ],
 "races": [
  "🐺 Амаж · наследует песок, может телепортироваться в песок",
  "🐉 Кинжал · необычный металл, не ржавит",
  "👑 Песчаная душа · исключительно чувствует ветер"
 ],
 "origins": [
  "🎲 · Хранитель Песчаных реликвийвзглянул на карту, ведущую к каравану · · ключ от таинственной бухты",
  "🎓 · Лев-стражзамечает движения в песке · · стражный кристалл",
  "⛪ · Патриарх ветровзаметил следы приближенного каравана · · песчаное амулет"
 ]
}
12.9с перебор за 1.0с: новый набор: Картограф карий рифтов | Бард-страж | Страж-алхимик | Перехватчик
23.2с строка после мира: 🧠 Мастер: Герой придуман под эту игру — «Другой набор» позовёт его снова
23.4с игровой экран открыт
26.8с игра: {
 "title": "Ржавые Пески Кар-Адама",
 "sub": "Народная лестница · Ход 1 · ❤️ 11/11",
 "chapter": "Глава: Народная лестница",
 "scene": "Песчаный ветер шуршит по узкому проходу, а отдалённый шорох гудки напоминает о пропаж",
 "options": 3,
 "theme": "night",
 "avatarHidden": true,
 "actors": true,
 "speakHidden": false,
 "heroClass": "Картограф карий рифтов",
 "heroAbility": "Путеводный след",
 "memory": {
  "place": "",
  "npcs": 1,
  "facts": 0
 },
 "worldHero": "custom",
 "styleId": "grimwood"
}
28.3с бросок 1: {"open":true,"value":"4","caption":"Проверка: Восприятие 👁️Сложность 11 · Средне","check":"👁️ Восприятие +1 · сложность 11 · шанс 55%","scene":"dice-scene dice-scene is-fail"}
37.2с ход 1: {
 "scene": "Ты следуешь угасшим, размытым следам, но они ведут в пустоту, как будто кто‑то их размычил. Ты целое время сомневаешься,",
 "options": 3,
 "turn": 2,
 "memory": {
  "place": "пустынная долина",
  "npcs": 1,
  "openings": 2,
  "deeds": 1
 },
 "chapter": "Глава: Народная лестница",
 "imageKey": "grimwood:пустынная-долина",
 "streamingSeen": true
}
38.5с бросок 2: {"open":true,"value":"2","caption":"Проверка: Восприятие 👁️Сложность 11 · Средне","check":"👁️ Восприятие +1 · сложность 11 · шанс 55%","scene":"dice-scene dice-scene is-fail"}
66.7с ход 2: {
 "scene": "Кристалл‑поток напомнил тебе о лишней боли, и вместо яркого света выдался гул песка. Твое зрение пронзилось холодом, как",
 "options": 3,
 "turn": 3,
 "memory": {
  "place": "пустынная долина",
  "npcs": 2,
  "openings": 3,
  "deeds": 2
 },
 "chapter": "Глава: Народная лестница",
 "imageKey": "grimwood:пустынная-долина",
 "streamingSeen": true
}
68.8с настройки: {"rows":8,"buttons":["Мрачно","Героично","С иронией","Мягко","Как в книге","Жёстко","🗣 Озвучка сцены","🚫 Без озвучки"]}
70.0с настройки → С иронией : {"tone":"ironic","rating":"normal","theme":"auto","voice":false,"ambient":true}
74.8с настройки → Жёстко : {"tone":"ironic","rating":"hard","theme":"auto","voice":false,"ambient":true}
79.6с настройки → 🗣 Озвучка сцены : {"tone":"ironic","rating":"hard","theme":"auto","voice":true,"ambient":true}
84.3с настройки → Чёрная : {"tone":"ironic","rating":"hard","theme":"oled","voice":true,"ambient":true}
88.4с тема страницы: oled
88.8с сохранение о падении подготовлено: {"key":"dt2:game:gmuefj7gv2nl4","turn":3}
90.5с кнопка сохранения: Продолжить
92.2с эпилог: {
 "title": "Конец истории",
 "text": "Каин не дошёл до конца — история оборвалась на 3-м ходу.\nПройденный путь: Народная лестница.\nЧто осталось в памяти: мост сожжён; караванщик Мара обещал помочь.\nЧто успел сделать: отследить оставшиеся следы каравана; пробовать использовать кристалл-поток, чтобы",
 "stats": [
  "3ходов",
  "1знакомых",
  "2осталось в памяти",
  "+1пепел"
 ],
 "legacy": "{\"version\":1,\"runs\":1,\"victories\":0,\"defeats\":1,\"ashes\":1,\"heroes\":[{\"name\":\"Каин\",\"className\":\"Картограф карий рифтов\",\"raceName\":\"Песчаный Тигр\",\"world\":\"Ржавые Пески Кар-Адама\",\"ending\":\"downfall\",\"turns\":3,\"at\":1790187764403}],\"deeds\":[\"отследить оставшиеся следы каравана\",\"пробовать использовать кристалл-поток, чтобы усилить восприя\",\"мост сожжён\",\"караванщик Мара обещал помочь\"],\"unlocked\":{\"origin-memory\":true}}"
}
92.6с наследие после кампании: {"runs":1,"defeats":1,"ashes":1,"heroes":1,"unlocked":["origin-memory"]}
93.2с после закрытия эпилога экраны: saves
95.8с наследие на экране героя: {"hidden":false,"text":"🕯 Пройдено кампаний: 1 (побед: 0, падений: 1). Пепел памяти: 1. Прошлая жизнь: Каин, Картограф карий рифтов — погиб в мире «Ржавые Пески Кар-Адама». Помнят о н"}
96.8с сейв с взятой целью: {"key":"dt2:game:gmuefj7gv2nl4","turn":3,"hp":11,"over":false}
97.6с карточка победного сейва: Продолжить ok
99.2с финал с взятой целью: {
 "title": "Финал",
 "text": "Каин довёл дело до конца: Найти пропавший караван.\nПройденный путь: Народная лестница.\nЧто осталось в памяти: мост сожжён; караванщик Мара обещал помочь.\nЧто успел сделать: отследить оставшиеся следы ",
 "stats": [
  "3ходов",
  "1знакомых",
  "2осталось в памяти",
  "+3пепел"
 ],
 "unlock": "🕯 Для будущих жизней открыто: Носитель наследия"
}
100.4с летопись после победы: {"ending":"victory","questDone":true,"endingSeen":true,"runs":2,"victories":1,"defeats":1,"ashes":4,"unlocked":["origin-memory","class-heir"],"chronicle":"Каин · victory · ходов 3"}
100.4с ошибки страницы: нет
ИТОГ: ✓
