1.9с экран героя открыт, строка: 🧠 Мастер: Герой придуман под эту игру — «Другой набор» позовёт его сн
1.9с стартовый набор: Следопыт Оазисов
2.1с набор героя: Следопыт Оазисов | строка: 🧠 Мастер: Герой придуман под эту игру — «Другой набор» позовёт его снова
2.1с шаги: {"class":"Класс","race":"Раса / вид","origin":"Происхождение","classes":4,"races":3,"origins":3,"legacy":true}
2.1с набор героя: {
 "classes": [
  {
   "title": "Следопыт Оазисов",
   "hint": "читает следы колёс и пыль, чтобы найти караван до того, как его разберут шакалы",
   "bonus": "Ловкость +1 · Восприятие +2",
   "ability": "🌑 Слепая метка — указывает направление к цели даже за радаром"
  },
  {
   "title": "Торговый проводник",
   "hint": "знает тайные ямы для привала и торгуется за сведения о пропавших",
   "bonus": "Разум +2 · Воля +1",
   "ability": "🌑 Голос пустыни — заставляет врага замолчать на один раунд"
  },
  {
   "title": "Разведчик Каравана",
   "hint": "убивает наемников, сбившихся с пути, и марширует по чужим пятам",
   "bonus": "Сила +2 · Телосложение +1",
   "ability": "🌑 Рывок в песок — мгновенно исчезает в рыхлом грунте"
  },
  {
   "title": "Хранитель Воды",
   "hint": "хранит последние фляги и выманивает грабителей на сушь",
   "bonus": "Восприятие +1 · Воля +2",
   "ability": "🌑 Оазисная дымка — создает иллюзию воды, иссушающую врага"
  }
 ],
 "races": [
  "🪶 Пустынный волк · чувствует вибрации шагов под песком",
  "🧝 Феникс · выдерживает жару, плавящую сталь",
  "🕷️ Гоблин · уродливость отпугивает хищников равнины"
 ],
 "origins": [
  "🌪️ · Сын джеявидел, как бандиты сожгли его фургон · · ржавый компас, указывающий на воду",
  "⚓ · Вдова купцазнает пароль от его тайного склада · · золотые бусы 남편а",
  "⛪ · Беглец из караванапомнит запах дыма у последнего перевала · · обрывок веревки с узлом"
 ]
}
2.3с перебор за 0.0с: новый набор: Песчаный Скорпион | Жрец Ржавого Культа | Караванный Вор | Механик-Самоучка
12.6с строка после мира: 🧠 Мастер: Герой придуман под эту игру — «Другой набор» позовёт его снова
12.7с игровой экран открыт
16.0с игра: {
 "title": "Ржавые Пески Кар-Адама",
 "sub": "Народная лестница · Ход 1 · ❤️ 10/10",
 "chapter": "Глава: Народная лестница",
 "scene": "Песчаный ветер шуршит по узкому проходу, а отдалённый шорох гудки напоминает о пропаже. Твои шаги оставляют следы, но земля молчит.",
 "options": 3,
 "theme": "night",
 "avatarHidden": true,
 "actors": true,
 "speakHidden": false,
 "heroClass": "Песчаный Скорпион",
 "heroAbility": "Жало тени",
 "memory": {
  "place": "",
  "npcs": 1,
  "facts": 0
 },
 "worldHero": "custom",
 "styleId": "grimwood"
}
17.7с бросок 1: {"open":true,"value":"10","caption":"Проверка: Восприятие 👁️Сложность 11 · Средне","check":"👁️ Восприятие +1 · сложность 11 · шанс 55%","scene":"dice-scene dice-scene"}
26.1с ход 1: {
 "scene": "Гном видит трещины в песке, которые ведут к сухому руслу уюта. Металл внутри земли пульсирует — там что-то крупное. След",
 "options": 3,
 "turn": 2,
 "memory": {
  "place": "сухое русло уюта",
  "npcs": 1,
  "openings": 2,
  "deeds": 1
 },
 "chapter": "Глава: Народная лестница",
 "imageKey": "grimwood:сухое-русло-уюта",
 "streamingSeen": true
}
27.7с бросок 2: {"open":true,"value":"5","caption":"Проверка: Сила ⚔️Сложность 11 · Средне","check":"⚔️ Сила +2 · сложность 11 · шанс 60%","scene":"dice-scene dice-scene is-fail"}
78.6с ход 2: {
 "scene": "Каин наклоняется и расчищает песок от обломков телеги. Мир отвечает не отказом, а осложнением: уходит время и часть запа",
 "options": 3,
 "turn": 3,
 "memory": {
  "place": "сухое русло уюта",
  "npcs": 1,
  "openings": 3,
  "deeds": 2
 },
 "chapter": "Глава: I",
 "imageKey": "grimwood:сухое-русло-уюта",
 "streamingSeen": true
}
80.2с бросок 3: {"open":true,"value":"15","caption":"Проверка: Разум 🧠Сложность 11 · Средне","check":"🧠 Разум +1 · сложность 11 · шанс 55%","scene":"dice-scene dice-scene"}
88.6с ход 3: {
 "scene": "Песок под ногами осыпается, уступая место холодному металлу. Ты чувствуешь вибрацию в костях: чья-то карта уже здесь, и ",
 "options": 3,
 "turn": 4,
 "memory": {
  "place": "сухое русло уюта",
  "npcs": 2,
  "openings": 4,
  "deeds": 3
 },
 "chapter": "Глава: I",
 "imageKey": "grimwood:сухое-русло-уюта",
 "streamingSeen": true
}
90.6с настройки: {"rows":5,"buttons":["Мрачно","Героично","С иронией","Мягко","Как в книге","Жёстко","🗣 Озвучка сцены","🚫 Без озвучки"]}
91.6с настройки → С иронией : {"tone":"ironic","rating":"normal","theme":"auto","voice":false,"ambient":true}
96.3с настройки → Жёстко : {"tone":"ironic","rating":"hard","theme":"auto","voice":false,"ambient":true}
101.1с настройки → 🗣 Озвучка сцены : {"tone":"ironic","rating":"hard","theme":"auto","voice":true,"ambient":true}
105.8с настройки → Чёрная : {"tone":"ironic","rating":"hard","theme":"oled","voice":true,"ambient":true}
109.9с тема страницы: oled
110.3с сохранение о падении подготовлено: {"key":"dt2:game:gmue8kju6z2pa","turn":4}
111.9с кнопка сохранения: Продолжить
113.5с эпилог: {
 "title": "Конец истории",
 "text": "Каин не дошёл до конца — история оборвалась на 4-м ходу.\nПройденный путь: Народная лестница → Глава I.\nЧто осталось в памяти: мост сожжён; караванщик Мара обещал помочь.\nЧто успел сделать: отследить оставшиеся следы каравана; каин наклоняется и расчищает песок",
 "stats": [
  "4ходов",
  "1знакомых",
  "2осталось в памяти",
  "+1пепел"
 ],
 "legacy": "{\"version\":1,\"runs\":1,\"victories\":0,\"defeats\":1,\"ashes\":1,\"heroes\":[{\"name\":\"Каин\",\"className\":\"Песчаный Скорпион\",\"raceName\":\"Ржавый гном\",\"world\":\"Ржавые Пески Кар-Адама\",\"ending\":\"downfall\",\"turns\":4,\"at\":1790176101775}],\"deeds\":[\"отследить оставшиеся следы каравана\",\"каин наклоняется и расчищает песок от обломков телеги.\",\"сыграть по чужим правилам\",\"мост сожжён\",\"караванщик Мара обещал помочь\"],\"unlocked\":{\"origin-memory\":true}}"
}
113.7с наследие после кампании: {"runs":1,"defeats":1,"ashes":1,"heroes":1,"unlocked":["origin-memory"]}
114.4с после закрытия эпилога экраны: saves
116.8с наследие на экране героя: {"hidden":false,"text":"🕯 Пройдено кампаний: 1 (побед: 0, падений: 1). Пепел памяти: 1. Прошлая жизнь: Каин, Песчаный Скорпион — погиб в мире «Ржавые Пески Кар-Адама». Помнят о нём: с"}
117.9с сейв с взятой целью: {"key":"dt2:game:gmue8kju6z2pa","turn":4,"hp":10,"over":false}
118.6с карточка победного сейва: Продолжить ok
120.2с финал с взятой целью: {
 "title": "Финал",
 "text": "Каин довёл дело до конца: Найти пропавший караван.\nПройденный путь: Народная лестница → Глава I.\nЧто осталось в памяти: мост сожжён; караванщик Мара обещал помочь.\nЧто успел сделать: отследить оставши",
 "stats": [
  "4ходов",
  "1знакомых",
  "2осталось в памяти",
  "+3пепел"
 ],
 "unlock": "🕯 Для будущих жизней открыто: Носитель наследия"
}
121.1с летопись после победы: {"ending":"victory","questDone":true,"endingSeen":true,"runs":2,"victories":1,"defeats":1,"ashes":4,"unlocked":["origin-memory","class-heir"],"chronicle":"Каин · victory · ходов 4"}
121.1с ошибки страницы: нет
ИТОГ: ✓
