2.1с экран героя открыт, строка: 🧠 Мастер: Герой придуман под эту игру — «Другой набор» позовёт его сн
2.1с стартовый набор: Телескопический пилот
2.3с набор героя: Телескопический пилот | строка: 🧠 Мастер: Герой придуман под эту игру — «Другой набор» позовёт его снова
2.3с шаги: {"class":"Коммутатор","race":"Раса / вид","origin":"Происхождение","classes":4,"races":3,"origins":3,"legacy":true}
2.3с набор героя: {
 "classes": [
  {
   "title": "Телескопический пилот",
   "hint": "смотрит за простыми дорогами, ищет сквозняки",
   "bonus": "Сила +2 · Ловкость +1",
   "ability": "🌑 Метеоритный щит — отражает стрелы и позволяет видеть сквозь песчаны"
  },
  {
   "title": "Пастуший мудрец",
   "hint": "ведет группу через опасные ранения, знает тайны песков",
   "bonus": "Разум +2 · Восприятие +1",
   "ability": "🌑 Песочный шепот — уклоняется от атак и раскрывает скрытые узлы"
  },
  {
   "title": "Черноморский караванщик",
   "hint": "турирует пустыню, находит скрытые тропы",
   "bonus": "Ловкость +2 · Телосложение +1",
   "ability": "🌑 Песчаная маска — маскировка и быстрое перемещение"
  },
  {
   "title": "Завоеватель пустыни",
   "hint": "создаёт сети ловушек, разгадывает коды",
   "bonus": "Сила +2 · Воля +1",
   "ability": "🌑 Сигнал крошечных песчаных бурь — зовут метеоритовые прибои"
  }
 ],
 "races": [
  "🐺 Амажнаследует песок, может телепортироваться в песок",
  "🐉 Кинжалнеобычный металл, не ржавит",
  "👑 Песчаная душаисключительно чувствует ветер"
 ],
 "origins": [
  "🎲Хранитель Песчаных реликвийвзглянул на карту, ведущую к каравану · ключ от таинственной ",
  "🎓Лев-стражзамечает движения в песке · стражный кристалл",
  "⛪Патриарх ветровзаметил следы приближенного каравана · песчаное амулет"
 ]
}
2.5с перебор за 0.0с: новый набор: Картограф карий рифтов | Бард-страж | Страж-алхимик | Перехватчик
12.8с строка после мира: 🧠 Мастер: Герой придуман под эту игру — «Другой набор» позовёт его снова
13.0с игровой экран открыт
16.3с игра: {
 "title": "Ржавые Пески Кар-Адама",
 "sub": "Народная лестница · Ход 1 · ❤️ 10/10",
 "chapter": "Глава: Народная лестница",
 "scene": "Песчаный ветер шуршит по узкому проходу, а отдалённый шорох гудки напоминает о пропаже. Твои шаги оставляют следы, но земля молчит.",
 "options": 3,
 "theme": "night",
 "avatarHidden": true,
 "actors": true,
 "speakHidden": false,
 "heroClass": "Картограф карий рифтов",
 "heroAbility": "Путеводный след",
 "memory": {
  "place": "",
  "npcs": 1,
  "facts": 0
 },
 "worldHero": "custom",
 "styleId": "grimwood"
}
17.8с бросок 1: {"open":true,"value":"10","caption":"Проверка: Восприятие 👁️Сложность 11 · Средне","check":"👁️ Восприятие +1 · сложность 11 · шанс 55%","scene":"dice-scene dice-scene"}
20.8с ход 1: {
 "scene": "Кровавый след почти исчезает, обрывается в уголке песчаной ямы. Ты видишь свисающий отдалённый камень, как корнустый отп",
 "options": 3,
 "turn": 2,
 "memory": {
  "place": "Песчаный гребень, середина пустыни",
  "npcs": 2,
  "openings": 2,
  "deeds": 1
 },
 "chapter": "Глава: Народная лестница",
 "imageKey": "grimwood:песчаный-гребень-середина-пустыни",
 "streamingSeen": false
}
22.5с бросок 2: {"open":true,"value":"11","caption":"Проверка: Разум 🧠Сложность 11 · Средне","check":"🧠 Разум +1 · сложность 11 · шанс 55%","scene":"dice-scene dice-scene"}
53.8с ход 2: {
 "scene": "Кристалл‑поток вспыхивает, открывая скрытый узор: надвыхнутые следы, ведущие к запылённой скале, где ты видишь полароидн",
 "options": 3,
 "turn": 3,
 "memory": {
  "place": "Песчаный гребень, пустынный узкий проход",
  "npcs": 2,
  "openings": 3,
  "deeds": 2
 },
 "chapter": "Глава: Народная лестница",
 "imageKey": "grimwood:песчаный-гребень-середина-пустыни",
 "streamingSeen": true
}
55.5с бросок 3: {"open":true,"value":"1","caption":"Проверка: Разум 🧠Сложность 11 · Средне","check":"🧠 Разум +1 · сложность 11 · шанс 55%","scene":"dice-scene dice-scene is-fail"}
84.7с ход 3: {
 "scene": "Кристалл‑поток вырвал из твоего объятия, как сквозь песок скребется безжалостная буря. Твой компас разъярён, показывая н",
 "options": 3,
 "turn": 4,
 "memory": {
  "place": "стремящийся песок",
  "npcs": 2,
  "openings": 4,
  "deeds": 3
 },
 "chapter": "Глава: Народная лестница",
 "imageKey": "grimwood:песчаный-гребень-середина-пустыни",
 "streamingSeen": true
}
86.7с настройки: {"rows":5,"buttons":["Мрачно","Героично","С иронией","Мягко","Как в книге","Жёстко","🗣 Озвучка сцены","🚫 Без озвучки"]}
87.8с настройки → С иронией : {"tone":"ironic","rating":"normal","theme":"auto","voice":false,"ambient":true}
92.6с настройки → Жёстко : {"tone":"ironic","rating":"hard","theme":"auto","voice":false,"ambient":true}
97.3с настройки → 🗣 Озвучка сцены : {"tone":"ironic","rating":"hard","theme":"auto","voice":true,"ambient":true}
102.1с настройки → Чёрная : {"tone":"ironic","rating":"hard","theme":"oled","voice":true,"ambient":true}
106.2с тема страницы: oled
106.6с сохранение о падении подготовлено: {"key":"dt2:game:gmue4rzf48rqk","turn":4}
108.3с кнопка сохранения: Продолжить
110.0с эпилог: {
 "title": "Конец истории",
 "text": "Каин не дошёл до конца — история оборвалась на 4-м ходу.\nПройденный путь: Народная лестница.\nЧто осталось в памяти: мост сожжён; караванщик Мара обещал помочь.\nЧто успел сделать: отследить оставшиеся следы каравана; ты направляешь кристалл-поток к оному камню,",
 "stats": [
  "4ходов",
  "1знакомых",
  "2осталось в памяти",
  "+1пепел"
 ],
 "legacy": "{\"version\":1,\"runs\":1,\"victories\":0,\"defeats\":1,\"ashes\":1,\"heroes\":[{\"name\":\"Каин\",\"className\":\"Картограф карий рифтов\",\"raceName\":\"Песчаный Тигр\",\"world\":\"Ржавые Пески Кар-Адама\",\"ending\":\"downfall\",\"turns\":4,\"at\":1790169726276}],\"deeds\":[\"отследить оставшиеся следы каравана\",\"ты направляешь кристалл-поток к оному камню, чтобы прослежив\",\"отследить следы дальше к скале, используя кристалл как компа\",\"мост сожжён\",\"караванщик Мара обещал помочь\"],\"unlocked\":{\"origin-memory\":true}}"
}
110.2с наследие после кампании: {"runs":1,"defeats":1,"ashes":1,"heroes":1,"unlocked":["origin-memory"]}
110.8с после закрытия эпилога экраны: saves
113.3с наследие на экране героя: {"hidden":false,"text":"🕯 Пройдено кампаний: 1 (побед: 0, падений: 1). Пепел памяти: 1. Прошлая жизнь: Каин, Картограф карий рифтов — погиб в мире «Ржавые Пески Кар-Адама». Помнят о н"}
114.4с сейв с взятой целью: {"key":"dt2:game:gmue4rzf48rqk","turn":4,"hp":10,"over":false}
115.1с карточка победного сейва: Продолжить ok
116.8с финал с взятой целью: {
 "title": "Финал",
 "text": "Каин довёл дело до конца: Найти пропавший караван.\nПройденный путь: Народная лестница.\nЧто осталось в памяти: мост сожжён; караванщик Мара обещал помочь.\nЧто успел сделать: отследить оставшиеся следы ",
 "stats": [
  "4ходов",
  "1знакомых",
  "2осталось в памяти",
  "+3пепел"
 ],
 "unlock": "🕯 Для будущих жизней открыто: Носитель наследия"
}
117.7с летопись после победы: {"ending":"victory","questDone":true,"endingSeen":true,"runs":2,"victories":1,"defeats":1,"ashes":4,"unlocked":["origin-memory","class-heir"],"chronicle":"Каин · victory · ходов 4"}
117.7с ошибки страницы: нет
ИТОГ: ✓
