2.5с экран героя открыт, строка: 🧠 Мастер придумывает героя под эту игру…
2.5с стартовый набор: Воин
3.9с набор героя: Телескопический пилот | строка: 🧠 Мастер: Герой придуман под эту игру — «Другой набор» позовёт его снова
3.9с шаги: {"class":"Коммутатор","race":"Раса / вид","origin":"Происхождение","classes":4,"races":3,"origins":3,"legacy":true}
4.0с набор героя: {
 "classes": [
  {
   "title": "Телескопический пилот",
   "hint": "смотрит за простыми дорогами, ищет сквозняки",
   "bonus": "Сила +2 · Ловкость +1",
   "ability": "🌑 Метеоритный щит — отражает стрелы и позволяет видеть сквозь песчаны"
  },
  {
   "title": "Пастуший мудрец",
   "hint": "ведет группу через опасные ранения, знает тайны песков",
   "bonus": "Разум +2 · Восприятие +1",
   "ability": "🌑 Песочный шепот — уклоняется от атак и раскрывает скрытые узлы"
  },
  {
   "title": "Черноморский караванщик",
   "hint": "турирует пустыню, находит скрытые тропы",
   "bonus": "Ловкость +2 · Телосложение +1",
   "ability": "🌑 Песчаная маска — маскировка и быстрое перемещение"
  },
  {
   "title": "Завоеватель пустыни",
   "hint": "создаёт сети ловушек, разгадывает коды",
   "bonus": "Сила +2 · Воля +1",
   "ability": "🌑 Сигнал крошечных песчаных бурь — зовут метеоритовые прибои"
  }
 ],
 "races": [
  "🐺 Амаж · наследует песок, может телепортироваться в песок",
  "🐉 Кинжал · необычный металл, не ржавит",
  "👑 Песчаная душа · исключительно чувствует ветер"
 ],
 "origins": [
  "🎲 · Хранитель Песчаных реликвийвзглянул на карту, ведущую к каравану · · ключ от таинственной бухты",
  "🎓 · Лев-стражзамечает движения в песке · · стражный кристалл",
  "⛪ · Патриарх ветровзаметил следы приближенного каравана · · песчаное амулет"
 ]
}
5.3с перебор за 1.0с: новый набор: Картограф карий рифтов | Бард-страж | Страж-алхимик | Перехватчик
15.7с строка после мира: 🧠 Мастер: Герой придуман под эту игру — «Другой набор» позовёт его снова
16.0с игровой экран открыт
19.6с игра: {
 "title": "Ржавые Пески Кар-Адама",
 "sub": "Народная лестница · Ход 1 · ❤️ 11/11",
 "chapter": "Глава: Народная лестница",
 "scene": "Песчаный ветер шуршит по узкому проходу, а отдалённый шорох гудки напоминает о пропаже. Тво",
 "options": 3,
 "theme": "night",
 "avatarHidden": true,
 "actors": true,
 "speakHidden": false,
 "heroClass": "Картограф карий рифтов",
 "heroAbility": "Путеводный след",
 "memory": {
  "place": "",
  "npcs": 1,
  "facts": 0
 },
 "worldHero": "custom",
 "styleId": "grimwood"
}
21.5с бросок 1: {"open":true,"value":"9","caption":"Проверка: Восприятие 👁️Сложность 11 · Средне","check":"👁️ Восприятие +1 · сложность 11 · шанс 55%","scene":"dice-scene dice-scene is-fail"}
33.4с ход 1: {
 "scene": "Следы каравана исчезли под зыбучим песком, как утерянные шёпоты древних камней. Твой кристалл‑поток пытается чувствовать",
 "options": 3,
 "turn": 2,
 "memory": {
  "place": "выжжённая дюна у разрушенного базарда",
  "npcs": 1,
  "openings": 2,
  "deeds": 1
 },
 "chapter": "Глава: Народная лестница",
 "imageKey": "grimwood:выжжённая-дюна-у-разрушенного",
 "streamingSeen": true
}
34.6с бросок 2: {"open":true,"value":"4","caption":"Проверка: Разум 🧠Сложность 11 · Средне","check":"🧠 Разум +1 · сложность 11 · шанс 55%","scene":"dice-scene dice-scene is-fail"}
61.1с ход 2: {
 "scene": "Кристалл‑поток тихо вмигнул, как пузырь в пустынном оазисе, но песок не поддавался. Очищая скрипы, он выдул луч, который",
 "options": 3,
 "turn": 3,
 "memory": {
  "place": "выжжённая дюна у разрушенного базарда",
  "npcs": 2,
  "openings": 3,
  "deeds": 2
 },
 "chapter": "Глава: Народная лестница",
 "imageKey": "grimwood:выжжённая-дюна-у-разрушенного",
 "streamingSeen": true
}
63.3с настройки: {"rows":8,"buttons":["Мрачно","Героично","С иронией","Мягко","Как в книге","Жёстко","🗣 Озвучка сцены","🚫 Без озвучки"]}
64.5с настройки → С иронией : {"tone":"ironic","rating":"normal","theme":"auto","voice":false,"ambient":true}
69.4с настройки → Жёстко : {"tone":"ironic","rating":"hard","theme":"auto","voice":false,"ambient":true}
74.2с настройки → 🗣 Озвучка сцены : {"tone":"ironic","rating":"hard","theme":"auto","voice":true,"ambient":true}
79.0с настройки → Чёрная : {"tone":"ironic","rating":"hard","theme":"oled","voice":true,"ambient":true}
83.1с тема страницы: oled
83.6с сохранение о падении подготовлено: {"key":"dt2:game:gmueg39bu9xrh","turn":3}
85.5с кнопка сохранения: Продолжить
87.3с эпилог: {
 "title": "Песчаная Тишина",
 "text": "Смертельный шторм разорвал последний кочерёдный мост, оставив Каина в мрачном валуне бедствия. Он терзал ноги, пока кристалл-поток мерцал, но это не удержало тишину, покрывающую Песчаные Пески Кар‑Адама. Последний вздох был голосом ордена, и даже Мара не смогл",
 "stats": [
  "3ходов",
  "1знакомых",
  "2осталось в памяти",
  "+1пепел"
 ],
 "legacy": "{\"version\":1,\"runs\":1,\"victories\":0,\"defeats\":1,\"ashes\":1,\"heroes\":[{\"name\":\"Каин\",\"className\":\"Картограф карий рифтов\",\"raceName\":\"Песчаный Тигр\",\"world\":\"Ржавые Пески Кар-Адама\",\"ending\":\"downfall\",\"turns\":3,\"at\":1790188702516}],\"deeds\":[\"отследить оставшиеся следы каравана\",\"использовать кристалл‑поток для сканирования песка\",\"мост сожжён\",\"караванщик Мара обещал помочь\"],\"unlocked\":{\"origin-memory\":true}}"
}
87.9с наследие после кампании: {"runs":1,"defeats":1,"ashes":1,"heroes":1,"unlocked":["origin-memory"]}
88.7с после закрытия эпилога экраны: saves
91.4с наследие на экране героя: {"hidden":false,"text":"🕯 Пройдено кампаний: 1 (побед: 0, падений: 1). Пепел памяти: 1. Прошлая жизнь: Каин, Картограф карий рифтов — погиб в мире «Ржавые Пески Кар-Адама». Помнят о н"}
92.5с сейв с взятой целью: {"key":"dt2:game:gmueg39bu9xrh","turn":3,"hp":11,"over":false}
93.2с карточка победного сейва: Продолжить ok
94.9с финал с взятой целью: {
 "title": "Сквозь Пески",
 "text": "Кристалл-поток сияет над искрящимися осколками обгоревшего моста, как последний слог последней словесной звезды. Ты, Каин, лежишь на песке, крепко держась за кристалл, чувствуя, как его вибрации прони",
 "stats": [
  "3ходов",
  "1знакомых",
  "2осталось в памяти",
  "+3пепел"
 ],
 "unlock": "🕯 Для будущих жизней открыто: Носитель наследия"
}
96.0с летопись после победы: {"ending":"victory","questDone":true,"endingSeen":true,"runs":2,"victories":1,"defeats":1,"ashes":4,"unlocked":["origin-memory","class-heir"],"chronicle":"Каин · victory · ходов 3"}
96.0с ошибки страницы: нет
ИТОГ: ✓
