2.0с экран героя открыт, строка: 🧠 Мастер: Герой придуман под эту игру — «Другой набор» позовёт его сн
2.0с стартовый набор: Телескопический пилот
2.2с набор героя: Телескопический пилот | строка: 🧠 Мастер: Герой придуман под эту игру — «Другой набор» позовёт его снова
2.3с шаги: {"class":"Коммутатор","race":"Раса / вид","origin":"Происхождение","classes":4,"races":3,"origins":3,"legacy":true}
2.3с набор героя: {
 "classes": [
  {
   "title": "Телескопический пилот",
   "hint": "смотрит за простыми дорогами, ищет сквозняки",
   "bonus": "Сила +2 · Ловкость +1",
   "ability": "🌑 Метеоритный щит — отражает стрелы и позволяет видеть сквозь песчаны"
  },
  {
   "title": "Пастуший мудрец",
   "hint": "ведет группу через опасные ранения, знает тайны песков",
   "bonus": "Разум +2 · Восприятие +1",
   "ability": "🌑 Песочный шепот — уклоняется от атак и раскрывает скрытые узлы"
  },
  {
   "title": "Черноморский караванщик",
   "hint": "турирует пустыню, находит скрытые тропы",
   "bonus": "Ловкость +2 · Телосложение +1",
   "ability": "🌑 Песчаная маска — маскировка и быстрое перемещение"
  },
  {
   "title": "Завоеватель пустыни",
   "hint": "создаёт сети ловушек, разгадывает коды",
   "bonus": "Сила +2 · Воля +1",
   "ability": "🌑 Сигнал крошечных песчаных бурь — зовут метеоритовые прибои"
  }
 ],
 "races": [
  "🐺 Амажнаследует песок, может телепортироваться в песок",
  "🐉 Кинжалнеобычный металл, не ржавит",
  "👑 Песчаная душаисключительно чувствует ветер"
 ],
 "origins": [
  "🎲Хранитель Песчаных реликвийвзглянул на карту, ведущую к каравану · ключ от таинственной ",
  "🎓Лев-стражзамечает движения в песке · стражный кристалл",
  "⛪Патриарх ветровзаметил следы приближенного каравана · песчаное амулет"
 ]
}
2.5с перебор за 0.0с: новый набор: Картограф карий рифтов | Бард-страж | Страж-алхимик | Перехватчик
12.8с строка после мира: 🧠 Мастер: Герой придуман под эту игру — «Другой набор» позовёт его снова
13.0с игровой экран открыт
16.3с игра: {
 "title": "Ржавые Пески Кар-Адама",
 "sub": "Народная лестница · Ход 1 · ❤️ 10/10",
 "chapter": "Глава: Народная лестница",
 "scene": "Песчаный ветер шуршит по узкому проходу, а отдалённый шорох гудки напоминает о пропаже. Твои шаги оставляют следы, но земля молчит.",
 "options": 3,
 "theme": "night",
 "avatarHidden": true,
 "actors": true,
 "speakHidden": false,
 "heroClass": "Картограф карий рифтов",
 "heroAbility": "Путеводный след",
 "memory": {
  "place": "",
  "npcs": 1,
  "facts": 0
 },
 "worldHero": "custom",
 "styleId": "grimwood"
}
18.0с бросок 1: {"open":true,"value":"10","caption":"Проверка: Восприятие 👁️Сложность 11 · Средне","check":"👁️ Восприятие +1 · сложность 11 · шанс 55%","scene":"dice-scene dice-scene"}
31.2с ход 1: {
 "scene": "Кровавый след почти исчезает, обрывается в уголке песчаной ямы. Ты видишь свисающий отдалённый камень, как корнустый отп",
 "options": 3,
 "turn": 2,
 "memory": {
  "place": "Песчаный гребень, середина пустыни",
  "npcs": 2,
  "openings": 2,
  "deeds": 1
 },
 "chapter": "Глава: Народная лестница",
 "imageKey": "grimwood:песчаный-гребень-середина-пустыни",
 "streamingSeen": true
}
33.3с настройки: {"rows":5,"buttons":["Мрачно","Героично","С иронией","Мягко","Как в книге","Жёстко","🗣 Озвучка сцены","🚫 Без озвучки"]}
34.3с настройки → С иронией : {"tone":"ironic","rating":"normal","theme":"auto","voice":false,"ambient":true}
39.1с настройки → Жёстко : {"tone":"ironic","rating":"hard","theme":"auto","voice":false,"ambient":true}
43.8с настройки → 🗣 Озвучка сцены : {"tone":"ironic","rating":"hard","theme":"auto","voice":true,"ambient":true}
48.6с настройки → Чёрная : {"tone":"ironic","rating":"hard","theme":"oled","voice":true,"ambient":true}
52.6с тема страницы: oled
53.0с сохранение о падении подготовлено: {"key":"dt2:game:gmue25o5vijpi","turn":2}
54.7с кнопка сохранения: Продолжить
56.4с эпилог: {
 "title": "Тень Песков",
 "text": "Твоё тело дрожит, кровь стынет, и в сердце зреет холодный шум пустоты. Внутренний кристалл, как сердце, отдалённо бьётся, но те 10 очков здоровья стали эхо прошлого, а не живым дыханием. Один из тайн каравана остался лишённым следа: лишь шепот ветра, похожий н",
 "stats": [
  "2ходов",
  "1знакомых",
  "2осталось в памяти",
  "+1пепел"
 ],
 "legacy": "{\"version\":1,\"runs\":1,\"victories\":0,\"defeats\":1,\"ashes\":1,\"heroes\":[{\"name\":\"Каин\",\"className\":\"Картограф карий рифтов\",\"raceName\":\"Песчаный Тигр\",\"world\":\"Ржавые Пески Кар-Адама\",\"ending\":\"downfall\",\"turns\":2,\"at\":1790165272491}],\"deeds\":[\"отследить оставшиеся следы каравана\",\"мост сожжён\",\"караванщик Мара обещал помочь\"],\"unlocked\":{\"origin-memory\":true}}"
}
56.6с наследие после кампании: {"runs":1,"defeats":1,"ashes":1,"heroes":1,"unlocked":["origin-memory"]}
57.2с после закрытия эпилога экраны: saves
59.7с наследие на экране героя: {"hidden":false,"text":"🕯 Пройдено кампаний: 1 (побед: 0, падений: 1). Пепел памяти: 1. Прошлая жизнь: Каин, Картограф карий рифтов — погиб в мире «Ржавые Пески Кар-Адама». Помнят о н"}
60.8с сейв с взятой целью: {"key":"dt2:game:gmue25o5vijpi","turn":2,"hp":10,"over":false}
61.5с карточка победного сейва: Продолжить ok
63.1с финал с взятой целью: {
 "title": "Финал",
 "text": "Каин довёл дело до конца: Найти пропавший караван.\nПройденный путь: Народная лестница.\nЧто осталось в памяти: мост сожжён; караванщик Мара обещал помочь.\nЧто успел сделать: отследить оставшиеся следы ",
 "stats": [
  "2ходов",
  "1знакомых",
  "2осталось в памяти",
  "+3пепел"
 ],
 "unlock": "🕯 Для будущих жизней открыто: Носитель наследия"
}
64.0с летопись после победы: {"ending":"victory","questDone":true,"endingSeen":true,"runs":2,"victories":1,"defeats":1,"ashes":4,"unlocked":["origin-memory","class-heir"],"chronicle":"Каин · victory · ходов 2"}
64.0с ошибки страницы: нет
ИТОГ: ✓
