2.0с экран героя открыт, строка: 🧠 Мастер: Герой придуман под эту игру — «Другой набор» позовёт его сн
2.0с стартовый набор: Сыны Песчаного Шрама
2.2с набор героя: Сыны Песчаного Шрама | строка: 🧠 Мастер: Герой придуман под эту игру — «Другой набор» позовёт его снова
2.2с шаги: {"class":"Клан","race":"Раса / вид","origin":"Происхождение","classes":4,"races":3,"origins":3,"legacy":true}
2.3с набор героя: {
 "classes": [
  {
   "title": "Сыны Песчаного Шрама",
   "hint": "следопыты клановых караванов, читают ржавчину как письмена",
   "bonus": "Ловкость +1 · Восприятие +2",
   "ability": "✨ Ржавый Взгляд — видит путь, по которому прошёл металл"
  },
  {
   "title": "Хранители Утренней Звезды",
   "hint": "воины-стражи, охраняют оазисы и караваны от песчаных духов",
   "bonus": "Сила +2 · Телосложение +1",
   "ability": "🌑 Удар Звезды — ослепляет врага на мгновение"
  },
  {
   "title": "Торговцы Чёрного Железа",
   "hint": "купцы-контрабандисты, знают тайные тропы и скрытые склады",
   "bonus": "Разум +2 · Воля +1",
   "ability": "🌑 Серебряный Язык — убеждает даже врагов"
  },
  {
   "title": "Железные Шакалы",
   "hint": "наёмники-разведчики, выслеживают пропавшие караваны за плату",
   "bonus": "Ловкость +2 · Восприятие +1",
   "ability": "🌑 Тень Шакала — скрывается в ржавой пыли"
  }
 ],
 "races": [
  "🧝 Песчаный эльф · не пьёт воду, но слаб в жару",
  "🦌 Железнокожий · ржавчина не берёт кожу",
  "🐉 Пустынный гном · видит в темноте шахт"
 ],
 "origins": [
  "🎲 · Бывший раб караван-сараязнает, кто продал караван · · обрывок цепи",
  "🌪️ · Дитя оазисавидел, как ушёл караван ночью · · фляга с последней водой",
  "👑 · Беглый механикчинил телегу перед исчезновением · · гаечный ключ"
 ]
}
2.5с перебор за 0.0с: новый набор: Наследники Ржавой Цепи | Псы Пустоши | Хранители Песчаных Часов | Механики Железного Шторма
12.7с строка после мира: 🧠 Мастер: Герой придуман под эту игру — «Другой набор» позовёт его снова
12.9с игровой экран открыт
16.1с игра: {
 "title": "Ржавые Пески Кар-Адама",
 "sub": "Следы в ржавчине · Ход 1 · ❤️ 9/9",
 "chapter": "Глава: Следы в ржавчине",
 "scene": "Ветер воет сквозь дыры в броне, песчинки бьют по стеклу визора. Впереди на дюне чернеют сломанные колеса. Магнитометр бесится, указывая на ч",
 "options": 3,
 "theme": "night",
 "avatarHidden": true,
 "actors": true,
 "speakHidden": false,
 "heroClass": "Наследники Ржавой Цепи",
 "heroAbility": "Цепной клинок",
 "memory": {
  "place": "",
  "npcs": 1,
  "facts": 0
 },
 "worldHero": "custom",
 "styleId": "grimwood"
}
17.8с бросок 1: {"open":true,"value":"9","caption":"Проверка: Харизма 🎭Сложность 11 · Средне","check":"🎭 Харизма +1 · сложность 11 · шанс 55%","scene":"dice-scene dice-scene is-fail"}
42.4с ход 1: {
 "scene": "Гортанный крик рвётся в метель, но ветер гасит звук, как свечу. Песок забивает горло, глаза слезятся. Жёлтый Пыль дёргае",
 "options": 3,
 "turn": 2,
 "memory": {
  "place": "дюна над каньоном",
  "npcs": 2,
  "openings": 2,
  "deeds": 1
 },
 "chapter": "Глава: Следы в ржавчине",
 "imageKey": "grimwood:дюна-над-каньоном",
 "streamingSeen": true
}
44.0с бросок 2: {"open":true,"value":"13","caption":"Проверка: Ловкость 🏃Сложность 11 · Средне","check":"🏃 Ловкость +2 · сложность 11 · шанс 60%","scene":"dice-scene dice-scene"}
53.1с ход 2: {
 "scene": "Ты втаптываешься в Желтого Пыля, когда ржавая лапа резко рвется из-под обломков. Хруст песка и клаца когтей, но вы успев",
 "options": 3,
 "turn": 3,
 "memory": {
  "place": "подножие дюны",
  "npcs": 3,
  "openings": 3,
  "deeds": 2
 },
 "chapter": "Глава: Следы в ржавчине",
 "imageKey": "grimwood:дюна-над-каньоном",
 "streamingSeen": true
}
55.0с настройки: {"rows":5,"buttons":["Мрачно","Героично","С иронией","Мягко","Как в книге","Жёстко","🗣 Озвучка сцены","🚫 Без озвучки"]}
56.1с настройки → С иронией : {"tone":"ironic","rating":"normal","theme":"auto","voice":false,"ambient":true}
60.8с настройки → Жёстко : {"tone":"ironic","rating":"hard","theme":"auto","voice":false,"ambient":true}
65.6с настройки → 🗣 Озвучка сцены : {"tone":"ironic","rating":"hard","theme":"auto","voice":true,"ambient":true}
70.3с настройки → Чёрная : {"tone":"ironic","rating":"hard","theme":"oled","voice":true,"ambient":true}
74.4с тема страницы: oled
74.8с сохранение о падении подготовлено: {"key":"dt2:game:gmue71rcfpw7y","turn":3}
76.5с кнопка сохранения: Продолжить
78.1с эпилог: {
 "title": "Цена пути",
 "text": "Луна заливает каньон мертвенным светом. Твоё тело лежит на раскалённых камнях, шерсть слиплась от крови и пота. Последний вздох вырывается паром — холод ночи добивает быстрее, чем раны. Мара стоит над тобой, сжимая в руках пустую флягу. Она не плачет — в Ржавы",
 "stats": [
  "3ходов",
  "1знакомых",
  "2осталось в памяти",
  "+1пепел"
 ],
 "legacy": "{\"version\":1,\"runs\":1,\"victories\":0,\"defeats\":1,\"ashes\":1,\"heroes\":[{\"name\":\"Каин\",\"className\":\"Наследники Ржавой Цепи\",\"raceName\":\"Песчаный оборотень\",\"world\":\"Ржавые Пески Кар-Адама\",\"ending\":\"downfall\",\"turns\":3,\"at\":1790173509840}],\"deeds\":[\"закричать в метель, привлекая внимание\",\"броситься к жёлтому пылю, чтобы вместе отступить на безопасн\",\"мост сожжён\",\"караванщик Мара обещал помочь\"],\"unlocked\":{\"origin-memory\":true}}"
}
78.4с наследие после кампании: {"runs":1,"defeats":1,"ashes":1,"heroes":1,"unlocked":["origin-memory"]}
79.0с после закрытия эпилога экраны: saves
81.5с наследие на экране героя: {"hidden":false,"text":"🕯 Пройдено кампаний: 1 (побед: 0, падений: 1). Пепел памяти: 1. Прошлая жизнь: Каин, Наследники Ржавой Цепи — погиб в мире «Ржавые Пески Кар-Адама». Помнят о н"}
82.6с сейв с взятой целью: {"key":"dt2:game:gmue71rcfpw7y","turn":3,"hp":9,"over":false}
83.3с карточка победного сейва: Продолжить ok
84.9с финал с взятой целью: {
 "title": "Финал",
 "text": "Каин довёл дело до конца: Найти пропавший торговый караван.\nПройденный путь: Следы в ржавчине.\nЧто осталось в памяти: мост сожжён; караванщик Мара обещал помочь.\nЧто успел сделать: закричать в метель,",
 "stats": [
  "3ходов",
  "1знакомых",
  "2осталось в памяти",
  "+3пепел"
 ],
 "unlock": "🕯 Для будущих жизней открыто: Носитель наследия"
}
85.8с летопись после победы: {"ending":"victory","questDone":true,"endingSeen":true,"runs":2,"victories":1,"defeats":1,"ashes":4,"unlocked":["origin-memory","class-heir"],"chronicle":"Каин · victory · ходов 3"}
85.8с ошибки страницы: нет
ИТОГ: ✓
