2.0с экран героя открыт, строка: 🧠 Мастер придумывает героя под эту игру…
2.0с стартовый набор: Воин
3.1с набор героя: Телескопический пилот | строка: 🧠 Мастер: Герой придуман под эту игру — «Другой набор» позовёт его снова
3.2с шаги: {"class":"Коммутатор","race":"Раса / вид","origin":"Происхождение","classes":4,"races":3,"origins":3,"legacy":true}
3.2с набор героя: {
 "classes": [
  {
   "title": "Телескопический пилот",
   "hint": "смотрит за простыми дорогами, ищет сквозняки",
   "bonus": "Сила +2 · Ловкость +1",
   "ability": "🌑 Метеоритный щит — отражает стрелы и позволяет видеть сквозь песчаны"
  },
  {
   "title": "Пастуший мудрец",
   "hint": "ведет группу через опасные ранения, знает тайны песков",
   "bonus": "Разум +2 · Восприятие +1",
   "ability": "🌑 Песочный шепот — уклоняется от атак и раскрывает скрытые узлы"
  },
  {
   "title": "Черноморский караванщик",
   "hint": "турирует пустыню, находит скрытые тропы",
   "bonus": "Ловкость +2 · Телосложение +1",
   "ability": "🌑 Песчаная маска — маскировка и быстрое перемещение"
  },
  {
   "title": "Завоеватель пустыни",
   "hint": "создаёт сети ловушек, разгадывает коды",
   "bonus": "Сила +2 · Воля +1",
   "ability": "🌑 Сигнал крошечных песчаных бурь — зовут метеоритовые прибои"
  }
 ],
 "races": [
  "🐺 Амаж · наследует песок, может телепортироваться в песок",
  "🐉 Кинжал · необычный металл, не ржавит",
  "👑 Песчаная душа · исключительно чувствует ветер"
 ],
 "origins": [
  "🎲 · Хранитель Песчаных реликвийвзглянул на карту, ведущую к каравану · · ключ от таинственной бухты",
  "🎓 · Лев-стражзамечает движения в песке · · стражный кристалл",
  "⛪ · Патриарх ветровзаметил следы приближенного каравана · · песчаное амулет"
 ]
}
4.3с перебор за 1.0с: новый набор: Картограф карий рифтов | Бард-страж | Страж-алхимик | Перехватчик
14.6с строка после мира: 🧠 Мастер: Герой придуман под эту игру — «Другой набор» позовёт его снова
14.8с игровой экран открыт
18.1с игра: {
 "title": "Ржавые Пески Кар-Адама",
 "sub": "Народная лестница · Ход 1 · ❤️ 11/11",
 "chapter": "Глава: Народная лестница",
 "scene": "Песчаный ветер шуршит по узкому проходу, а отдалённый шорох гудки напоминает о пропаже. Твои шаги оставляют следы, но земля молчит.",
 "options": 3,
 "theme": "night",
 "avatarHidden": true,
 "actors": true,
 "speakHidden": false,
 "heroClass": "Картограф карий рифтов",
 "heroAbility": "Путеводный след",
 "memory": {
  "place": "",
  "npcs": 1,
  "facts": 0
 },
 "worldHero": "custom",
 "styleId": "grimwood"
}
19.4с бросок 1: {"open":true,"value":"3","caption":"Проверка: Восприятие 👁️Сложность 11 · Средне","check":"👁️ Восприятие +1 · сложность 11 · шанс 55%","scene":"dice-scene dice-scene is-fail"}
30.6с ход 1: {
 "scene": "Твоя почерневшая траектория прячет тень; дно трудных следов почти исчезло, а песок словно смыть их помнит. На горизонте ",
 "options": 3,
 "turn": 2,
 "memory": {
  "place": "пустынный ущелье",
  "npcs": 2,
  "openings": 2,
  "deeds": 1
 },
 "chapter": "Глава: Народная лестница",
 "imageKey": "grimwood:пустынный-ущелье",
 "streamingSeen": true
}
32.3с бросок 2: {"open":true,"value":"14","caption":"Проверка: Телосложение 🛡️Сложность 11 · Средне","check":"🛡️ Телосложение +1 · сложность 11 · шанс 55%","scene":"dice-scene dice-scene"}
60.0с ход 2: {
 "scene": "Далёкий оазис простёрся вдоль зыбких песков, как зелёный остров в пустыне. Лёгкая тень седых пальм обволокла небольшую г",
 "options": 3,
 "turn": 3,
 "memory": {
  "place": "пустынный ущелье",
  "npcs": 2,
  "openings": 3,
  "deeds": 2
 },
 "chapter": "Глава: I",
 "imageKey": "grimwood:пустынный-ущелье",
 "streamingSeen": true
}
62.0с настройки: {"rows":5,"buttons":["Мрачно","Героично","С иронией","Мягко","Как в книге","Жёстко","🗣 Озвучка сцены","🚫 Без озвучки"]}
63.0с настройки → С иронией : {"tone":"ironic","rating":"normal","theme":"auto","voice":false,"ambient":true}
67.8с настройки → Жёстко : {"tone":"ironic","rating":"hard","theme":"auto","voice":false,"ambient":true}
72.5с настройки → 🗣 Озвучка сцены : {"tone":"ironic","rating":"hard","theme":"auto","voice":true,"ambient":true}
77.3с настройки → Чёрная : {"tone":"ironic","rating":"hard","theme":"oled","voice":true,"ambient":true}
81.3с тема страницы: oled
81.7с сохранение о падении подготовлено: {"key":"dt2:game:gmue98v8oz1gy","turn":3}
83.4с кнопка сохранения: Продолжить
85.1с эпилог: {
 "title": "Конец истории",
 "text": "Каин не дошёл до конца — история оборвалась на 3-м ходу.\nПройденный путь: Народная лестница → Глава I.\nЧто осталось в памяти: мост сожжён; караванщик Мара обещал помочь.\nЧто успел сделать: отследить оставшиеся следы каравана; отрануть к ближайшему оазису, чтоб",
 "stats": [
  "3ходов",
  "1знакомых",
  "2осталось в памяти",
  "+1пепел"
 ],
 "legacy": "{\"version\":1,\"runs\":1,\"victories\":0,\"defeats\":1,\"ashes\":1,\"heroes\":[{\"name\":\"Каин\",\"className\":\"Картограф карий рифтов\",\"raceName\":\"Песчаный Тигр\",\"world\":\"Ржавые Пески Кар-Адама\",\"ending\":\"downfall\",\"turns\":3,\"at\":1790177205737}],\"deeds\":[\"отследить оставшиеся следы каравана\",\"отрануть к ближайшему оазису, чтобы отдохнуть и пересчитать \",\"мост сожжён\",\"караванщик Мара обещал помочь\"],\"unlocked\":{\"origin-memory\":true}}"
}
85.3с наследие после кампании: {"runs":1,"defeats":1,"ashes":1,"heroes":1,"unlocked":["origin-memory"]}
86.0с после закрытия эпилога экраны: saves
88.4с наследие на экране героя: {"hidden":false,"text":"🕯 Пройдено кампаний: 1 (побед: 0, падений: 1). Пепел памяти: 1. Прошлая жизнь: Каин, Картограф карий рифтов — погиб в мире «Ржавые Пески Кар-Адама». Помнят о н"}
89.5с сейв с взятой целью: {"key":"dt2:game:gmue98v8oz1gy","turn":3,"hp":11,"over":false}
90.1с карточка победного сейва: Продолжить ok
91.8с финал с взятой целью: {
 "title": "Финал",
 "text": "Каин довёл дело до конца: Найти пропавший караван.\nПройденный путь: Народная лестница → Глава I.\nЧто осталось в памяти: мост сожжён; караванщик Мара обещал помочь.\nЧто успел сделать: отследить оставши",
 "stats": [
  "3ходов",
  "1знакомых",
  "2осталось в памяти",
  "+3пепел"
 ],
 "unlock": "🕯 Для будущих жизней открыто: Носитель наследия"
}
92.6с летопись после победы: {"ending":"victory","questDone":true,"endingSeen":true,"runs":2,"victories":1,"defeats":1,"ashes":4,"unlocked":["origin-memory","class-heir"],"chronicle":"Каин · victory · ходов 3"}
92.6с ошибки страницы: нет
ИТОГ: ✓
