1.9с экран героя открыт, строка: 🧠 Мастер придумывает героя под эту игру…
1.9с стартовый набор: Воин
29.3с набор героя: Следопыт Оазисов | строка: 🧠 Мастер: Герой придуман под эту игру — «Другой набор» позовёт его снова
29.3с шаги: {"class":"Класс","race":"Раса / вид","origin":"Происхождение","classes":4,"races":3,"origins":3,"legacy":true}
29.3с набор героя: {
 "classes": [
  {
   "title": "Следопыт Оазисов",
   "hint": "читает следы колёс и пыль, чтобы найти караван до того, как его разберут шакалы",
   "bonus": "Ловкость +1 · Восприятие +2",
   "ability": "🌑 Слепая метка — указывает направление к цели даже за радаром"
  },
  {
   "title": "Торговый проводник",
   "hint": "знает тайные ямы для привала и торгуется за сведения о пропавших",
   "bonus": "Разум +2 · Воля +1",
   "ability": "🌑 Голос пустыни — заставляет врага замолчать на один раунд"
  },
  {
   "title": "Разведчик Каравана",
   "hint": "убивает наемников, сбившихся с пути, и марширует по чужим пятам",
   "bonus": "Сила +2 · Телосложение +1",
   "ability": "🌑 Рывок в песок — мгновенно исчезает в рыхлом грунте"
  },
  {
   "title": "Хранитель Воды",
   "hint": "хранит последние фляги и выманивает грабителей на сушь",
   "bonus": "Восприятие +1 · Воля +2",
   "ability": "🌑 Оазисная дымка — создает иллюзию воды, иссушающую врага"
  }
 ],
 "races": [
  "🪶 Пустынный волк · чувствует вибрации шагов под песком",
  "🧝 Феникс · выдерживает жару, плавящую сталь",
  "🕷️ Гоблин · уродливость отпугивает хищников равнины"
 ],
 "origins": [
  "🌪️ · Сын джеявидел, как бандиты сожгли его фургон · · ржавый компас, указывающий на воду",
  "⚓ · Вдова купцазнает пароль от его тайного склада · · золотые бусы 남편а",
  "⛪ · Беглец из караванапомнит запах дыма у последнего перевала · · обрывок веревки с узлом"
 ]
}
48.5с перебор за 19.1с: новый набор: Песчаный Скорпион | Жрец Ржавого Культа | Караванный Вор | Механик-Самоучка
58.7с строка после мира: 🧠 Мастер: Герой придуман под эту игру — «Другой набор» позовёт его снова
58.9с игровой экран открыт
62.1с игра: {
 "title": "Ржавые Пески Кар-Адама",
 "sub": "Народная лестница · Ход 1 · ❤️ 10/10",
 "chapter": "Глава: Народная лестница",
 "scene": "Песчаный ветер шуршит по узкому проходу, а отдалённый шорох гудки напоминает о пропаже. Твои шаги оставляют следы, но земля молчит.",
 "options": 3,
 "theme": "night",
 "avatarHidden": true,
 "actors": true,
 "speakHidden": false,
 "heroClass": "Песчаный Скорпион",
 "heroAbility": "Жало тени",
 "memory": {
  "place": "",
  "npcs": 1,
  "facts": 0
 },
 "worldHero": "custom",
 "styleId": "grimwood"
}
63.6с бросок 1: {"open":true,"value":"3","caption":"Проверка: Восприятие 👁️Сложность 11 · Средне","check":"👁️ Восприятие +1 · сложность 11 · шанс 55%","scene":"dice-scene dice-scene is-fail"}
103.8с ход 1: {
 "scene": "Ты обошёл‑обошёл бесконечный песок, но следы каравана исчезли в тайной горе скандалов. Каждый шаг приводил в смятение, п",
 "options": 3,
 "turn": 2,
 "memory": {
  "place": "пустынные дюны",
  "npcs": 1,
  "openings": 2,
  "deeds": 1
 },
 "chapter": "Глава: Народная лестница",
 "imageKey": "grimwood:пустынные-дюны",
 "streamingSeen": true
}
105.1с бросок 2: {"open":true,"value":"2","caption":"Проверка: Сила ⚔️Сложность 11 · Средне","check":"⚔️ Сила +2 · сложность 11 · шанс 60%","scene":"dice-scene dice-scene is-fail"}
120.9с ход 2: {
 "scene": "Горячий песок обжигает ступни сквозь тонкие подошвы. Ты бежишь, задыхаясь, но огонь впереди — лишь мираж: дюны колышутся",
 "options": 3,
 "turn": 3,
 "memory": {
  "place": "дюны у ловушки",
  "npcs": 1,
  "openings": 3,
  "deeds": 2
 },
 "chapter": "Глава: Ложный огонь",
 "imageKey": "grimwood:пустынные-дюны",
 "streamingSeen": true
}
122.9с настройки: {"rows":5,"buttons":["Мрачно","Героично","С иронией","Мягко","Как в книге","Жёстко","🗣 Озвучка сцены","🚫 Без озвучки"]}
123.9с настройки → С иронией : {"tone":"ironic","rating":"normal","theme":"auto","voice":false,"ambient":true}
128.6с настройки → Жёстко : {"tone":"ironic","rating":"hard","theme":"auto","voice":false,"ambient":true}
133.4с настройки → 🗣 Озвучка сцены : {"tone":"ironic","rating":"hard","theme":"auto","voice":true,"ambient":true}
138.1с настройки → Чёрная : {"tone":"ironic","rating":"hard","theme":"oled","voice":true,"ambient":true}
142.2с тема страницы: oled
142.6с сохранение о падении подготовлено: {"key":"dt2:game:gmue802zt0cfh","turn":3}
144.2с кнопка сохранения: Продолжить
145.8с эпилог: {
 "title": "Конец истории",
 "text": "Каин не дошёл до конца — история оборвалась на 3-м ходу.\nПройденный путь: Народная лестница → Ложный огонь.\nЧто осталось в памяти: мост сожжён; караванщик Мара обещал помочь.\nЧто успел сделать: отследить оставшиеся следы каравана; пробежать дальше по хлесту пу",
 "stats": [
  "3ходов",
  "1знакомых",
  "2осталось в памяти",
  "+1пепел"
 ],
 "legacy": "{\"version\":1,\"runs\":1,\"victories\":0,\"defeats\":1,\"ashes\":1,\"heroes\":[{\"name\":\"Каин\",\"className\":\"Песчаный Скорпион\",\"raceName\":\"Ржавый гном\",\"world\":\"Ржавые Пески Кар-Адама\",\"ending\":\"downfall\",\"turns\":3,\"at\":1790175132960}],\"deeds\":[\"отследить оставшиеся следы каравана\",\"пробежать дальше по хлесту пустыни, пытаясь встретить отдалё\",\"мост сожжён\",\"караванщик Мара обещал помочь\"],\"unlocked\":{\"origin-memory\":true}}"
}
146.0с наследие после кампании: {"runs":1,"defeats":1,"ashes":1,"heroes":1,"unlocked":["origin-memory"]}
146.7с после закрытия эпилога экраны: saves
149.1с наследие на экране героя: {"hidden":false,"text":"🕯 Пройдено кампаний: 1 (побед: 0, падений: 1). Пепел памяти: 1. Прошлая жизнь: Каин, Песчаный Скорпион — погиб в мире «Ржавые Пески Кар-Адама». Помнят о нём: п"}
150.2с сейв с взятой целью: {"key":"dt2:game:gmue802zt0cfh","turn":3,"hp":10,"over":false}
150.8с карточка победного сейва: Продолжить ok
152.5с финал с взятой целью: {
 "title": "Финал",
 "text": "Каин довёл дело до конца: Найти пропавший караван.\nПройденный путь: Народная лестница → Ложный огонь.\nЧто осталось в памяти: мост сожжён; караванщик Мара обещал помочь.\nЧто успел сделать: отследить ос",
 "stats": [
  "3ходов",
  "1знакомых",
  "2осталось в памяти",
  "+3пепел"
 ],
 "unlock": "🕯 Для будущих жизней открыто: Носитель наследия"
}
153.3с летопись после победы: {"ending":"victory","questDone":true,"endingSeen":true,"runs":2,"victories":1,"defeats":1,"ashes":4,"unlocked":["origin-memory","class-heir"],"chronicle":"Каин · victory · ходов 3"}
153.3с ошибки страницы: нет
ИТОГ: ✓
