2.1с экран героя открыт, строка: 🧠 Мастер: Герой придуман под эту игру — «Другой набор» позовёт его сн
2.1с стартовый набор: Телескопический пилот
2.3с набор героя: Телескопический пилот | строка: 🧠 Мастер: Герой придуман под эту игру — «Другой набор» позовёт его снова
2.3с шаги: {"class":"Коммутатор","race":"Раса / вид","origin":"Происхождение","classes":4,"races":3,"origins":3,"legacy":true}
2.3с набор героя: {
 "classes": [
  {
   "title": "Телескопический пилот",
   "hint": "смотрит за простыми дорогами, ищет сквозняки",
   "bonus": "Сила +2 · Ловкость +1",
   "ability": "🌑 Метеоритный щит — отражает стрелы и позволяет видеть сквозь песчаны"
  },
  {
   "title": "Пастуший мудрец",
   "hint": "ведет группу через опасные ранения, знает тайны песков",
   "bonus": "Разум +2 · Восприятие +1",
   "ability": "🌑 Песочный шепот — уклоняется от атак и раскрывает скрытые узлы"
  },
  {
   "title": "Черноморский караванщик",
   "hint": "турирует пустыню, находит скрытые тропы",
   "bonus": "Ловкость +2 · Телосложение +1",
   "ability": "🌑 Песчаная маска — маскировка и быстрое перемещение"
  },
  {
   "title": "Завоеватель пустыни",
   "hint": "создаёт сети ловушек, разгадывает коды",
   "bonus": "Сила +2 · Воля +1",
   "ability": "🌑 Сигнал крошечных песчаных бурь — зовут метеоритовые прибои"
  }
 ],
 "races": [
  "🐺 Амаж · наследует песок, может телепортироваться в песок",
  "🐉 Кинжал · необычный металл, не ржавит",
  "👑 Песчаная душа · исключительно чувствует ветер"
 ],
 "origins": [
  "🎲 · Хранитель Песчаных реликвийвзглянул на карту, ведущую к каравану · · ключ от таинственной бухты",
  "🎓 · Лев-стражзамечает движения в песке · · стражный кристалл",
  "⛪ · Патриарх ветровзаметил следы приближенного каравана · · песчаное амулет"
 ]
}
2.5с перебор за 0.0с: новый набор: Картограф карий рифтов | Бард-страж | Страж-алхимик | Перехватчик
12.8с строка после мира: 🧠 Мастер: Герой придуман под эту игру — «Другой набор» позовёт его снова
13.0с игровой экран открыт
16.3с игра: {
 "title": "Ржавые Пески Кар-Адама",
 "sub": "Народная лестница · Ход 1 · ❤️ 11/11",
 "chapter": "Глава: Народная лестница",
 "scene": "Песчаный ветер шуршит по узкому проходу, а отдалённый шорох гудки напоминает о пропаже. Твои шаги оставляют следы, но земля молчит.",
 "options": 3,
 "theme": "night",
 "avatarHidden": true,
 "actors": true,
 "speakHidden": false,
 "heroClass": "Картограф карий рифтов",
 "heroAbility": "Путеводный след",
 "memory": {
  "place": "",
  "npcs": 1,
  "facts": 0
 },
 "worldHero": "custom",
 "styleId": "grimwood"
}
18.0с бросок 1: {"open":true,"value":"8","caption":"Проверка: Восприятие 👁️Сложность 11 · Средне","check":"👁️ Восприятие +1 · сложность 11 · шанс 55%","scene":"dice-scene dice-scene is-fail"}
32.3с ход 1: {
 "scene": "Следы каравана исчезли, как пыль под палящим солнцем. Твой шаг заблудился, а пустыня шепчет пустой ответ. Ты чувствуешь,",
 "options": 3,
 "turn": 2,
 "memory": {
  "place": "пустынный пейзаж",
  "npcs": 1,
  "openings": 2,
  "deeds": 1
 },
 "chapter": "Глава: Народная лестница",
 "imageKey": "grimwood:пустынный-пейзаж",
 "streamingSeen": true
}
34.0с бросок 2: {"open":true,"value":"4","caption":"Проверка: Сила ⚔️Сложность 11 · Средне","check":"⚔️ Сила +3 · сложность 11 · шанс 65%","scene":"dice-scene dice-scene is-fail"}
64.3с ход 2: {
 "scene": "Твои хмурые лапы нажали на песок, и он выцеловал сквозь них, как гудящий гул. Между прожженными мохнатыми стенами карава",
 "options": 3,
 "turn": 3,
 "memory": {
  "place": "пустынный пейзаж",
  "npcs": 1,
  "openings": 3,
  "deeds": 2
 },
 "chapter": "Глава: Народная лестница",
 "imageKey": "grimwood:пустынный-пейзаж",
 "streamingSeen": true
}
66.3с настройки: {"rows":5,"buttons":["Мрачно","Героично","С иронией","Мягко","Как в книге","Жёстко","🗣 Озвучка сцены","🚫 Без озвучки"]}
67.3с настройки → С иронией : {"tone":"ironic","rating":"normal","theme":"auto","voice":false,"ambient":true}
72.0с настройки → Жёстко : {"tone":"ironic","rating":"hard","theme":"auto","voice":false,"ambient":true}
76.8с настройки → 🗣 Озвучка сцены : {"tone":"ironic","rating":"hard","theme":"auto","voice":true,"ambient":true}
81.6с настройки → Чёрная : {"tone":"ironic","rating":"hard","theme":"oled","voice":true,"ambient":true}
85.6с тема страницы: oled
86.0с сохранение о падении подготовлено: {"key":"dt2:game:gmueaav1pv8fz","turn":3}
87.7с кнопка сохранения: Продолжить
89.3с эпилог: {
 "title": "Песчаная Тишина",
 "text": "Смертельный шторм разорвал последний кочерёдный мост, оставив Каина в мрачном валуне бедствия. Он терзал ноги, пока кристалл-поток мерцал, но это не удержало тишину, покрывающую Песчаные Пески Кар‑Адама. Последний вздох был голосом ордена, и даже Мара не смогл",
 "stats": [
  "3ходов",
  "1знакомых",
  "2осталось в памяти",
  "+1пепел"
 ],
 "legacy": "{\"version\":1,\"runs\":1,\"victories\":0,\"defeats\":1,\"ashes\":1,\"heroes\":[{\"name\":\"Каин\",\"className\":\"Картограф карий рифтов\",\"raceName\":\"Песчаный Тигр\",\"world\":\"Ржавые Пески Кар-Адама\",\"ending\":\"downfall\",\"turns\":3,\"at\":1790178984496}],\"deeds\":[\"отследить оставшиеся следы каравана\",\"попробовать изгонять следы с помощью силы\",\"мост сожжён\",\"караванщик Мара обещал помочь\"],\"unlocked\":{\"origin-memory\":true}}"
}
89.5с наследие после кампании: {"runs":1,"defeats":1,"ashes":1,"heroes":1,"unlocked":["origin-memory"]}
90.2с после закрытия эпилога экраны: saves
92.7с наследие на экране героя: {"hidden":false,"text":"🕯 Пройдено кампаний: 1 (побед: 0, падений: 1). Пепел памяти: 1. Прошлая жизнь: Каин, Картограф карий рифтов — погиб в мире «Ржавые Пески Кар-Адама». Помнят о н"}
93.7с сейв с взятой целью: {"key":"dt2:game:gmueaav1pv8fz","turn":3,"hp":11,"over":false}
94.4с карточка победного сейва: Продолжить ok
96.1с финал с взятой целью: {
 "title": "Сквозь Пески",
 "text": "Кристалл-поток сияет над искрящимися осколками обгоревшего моста, как последний слог последней словесной звезды. Ты, Каин, лежишь на песке, крепко держась за кристалл, чувствуя, как его вибрации прони",
 "stats": [
  "3ходов",
  "1знакомых",
  "2осталось в памяти",
  "+3пепел"
 ],
 "unlock": "🕯 Для будущих жизней открыто: Носитель наследия"
}
97.0с летопись после победы: {"ending":"victory","questDone":true,"endingSeen":true,"runs":2,"victories":1,"defeats":1,"ashes":4,"unlocked":["origin-memory","class-heir"],"chronicle":"Каин · victory · ходов 3"}
97.0с ошибки страницы: нет
ИТОГ: ✓
