2.2с экран героя открыт, строка: 🧠 Мастер: Герой придуман под эту игру — «Другой набор» позовёт его сн
2.2с стартовый набор: Следопыт Оазисов
2.4с набор героя: Следопыт Оазисов | строка: 🧠 Мастер: Герой придуман под эту игру — «Другой набор» позовёт его снова
2.4с шаги: {"class":"Класс","race":"Раса / вид","origin":"Происхождение","classes":4,"races":3,"origins":3,"legacy":true}
2.4с набор героя: {
 "classes": [
  {
   "title": "Следопыт Оазисов",
   "hint": "читает следы колёс и пыль, чтобы найти караван до того, как его разберут шакалы",
   "bonus": "Ловкость +1 · Восприятие +2",
   "ability": "🌑 Слепая метка — указывает направление к цели даже за радаром"
  },
  {
   "title": "Торговый проводник",
   "hint": "знает тайные ямы для привала и торгуется за сведения о пропавших",
   "bonus": "Разум +2 · Воля +1",
   "ability": "🌑 Голос пустыни — заставляет врага замолчать на один раунд"
  },
  {
   "title": "Разведчик Каравана",
   "hint": "убивает наемников, сбившихся с пути, и марширует по чужим пятам",
   "bonus": "Сила +2 · Телосложение +1",
   "ability": "🌑 Рывок в песок — мгновенно исчезает в рыхлом грунте"
  },
  {
   "title": "Хранитель Воды",
   "hint": "хранит последние фляги и выманивает грабителей на сушь",
   "bonus": "Восприятие +1 · Воля +2",
   "ability": "🌑 Оазисная дымка — создает иллюзию воды, иссушающую врага"
  }
 ],
 "races": [
  "🪶 Пустынный волк · чувствует вибрации шагов под песком",
  "🧝 Феникс · выдерживает жару, плавящую сталь",
  "🕷️ Гоблин · уродливость отпугивает хищников равнины"
 ],
 "origins": [
  "🌪️ · Сын джеявидел, как бандиты сожгли его фургон · · ржавый компас, указывающий на воду",
  "⚓ · Вдова купцазнает пароль от его тайного склада · · золотые бусы 남편а",
  "⛪ · Беглец из караванапомнит запах дыма у последнего перевала · · обрывок веревки с узлом"
 ]
}
2.6с перебор за 0.0с: новый набор: Песчаный Скорпион | Жрец Ржавого Культа | Караванный Вор | Механик-Самоучка
12.8с строка после мира: 🧠 Мастер: Герой придуман под эту игру — «Другой набор» позовёт его снова
13.0с игровой экран открыт
16.2с игра: {
 "title": "Ржавые Пески Кар-Адама",
 "sub": "Народная лестница · Ход 1 · ❤️ 10/10",
 "chapter": "Глава: Народная лестница",
 "scene": "Песчаный ветер шуршит по узкому проходу, а отдалённый шорох гудки напоминает о пропаже. Твои шаги оставляют следы, но земля молчит.",
 "options": 3,
 "theme": "night",
 "avatarHidden": true,
 "actors": true,
 "speakHidden": false,
 "heroClass": "Песчаный Скорпион",
 "heroAbility": "Жало тени",
 "memory": {
  "place": "",
  "npcs": 1,
  "facts": 0
 },
 "worldHero": "custom",
 "styleId": "grimwood"
}
17.8с бросок 1: {"open":true,"value":"14","caption":"Проверка: Восприятие 👁️Сложность 11 · Средне","check":"👁️ Восприятие +1 · сложность 11 · шанс 55%","scene":"dice-scene dice-scene"}
33.4с ход 1: {
 "scene": "Пальцы скользят по горячему песку — борозды от колес и копыт ещё не засыпаны ветром. Глубокие, неровные, будто кто-то то",
 "options": 3,
 "turn": 2,
 "memory": {
  "place": "край каньона",
  "npcs": 1,
  "openings": 2,
  "deeds": 1
 },
 "chapter": "Глава: Следы в песке",
 "imageKey": "grimwood:край-каньона",
 "streamingSeen": true
}
34.9с бросок 2: {"open":true,"value":"19","caption":"Проверка: Ловкость 🏃Сложность 11 · Средне","check":"🏃 Ловкость +3 · сложность 11 · шанс 65%","scene":"dice-scene dice-scene"}
78.3с ход 2: {
 "scene": "Каньон темнеет, тени переплетаются с песчинками, а облик ржавой цепи блистает как призрачный маяк. Ты спускаешься вдоль ",
 "options": 3,
 "turn": 3,
 "memory": {
  "place": "скалистый каньон Кар-Адама",
  "npcs": 1,
  "openings": 3,
  "deeds": 2
 },
 "chapter": "Глава: Следы в песке",
 "imageKey": "grimwood:край-каньона",
 "streamingSeen": true
}
80.2с настройки: {"rows":5,"buttons":["Мрачно","Героично","С иронией","Мягко","Как в книге","Жёстко","🗣 Озвучка сцены","🚫 Без озвучки"]}
81.2с настройки → С иронией : {"tone":"ironic","rating":"normal","theme":"auto","voice":false,"ambient":true}
85.9с настройки → Жёстко : {"tone":"ironic","rating":"hard","theme":"auto","voice":false,"ambient":true}
90.7с настройки → 🗣 Озвучка сцены : {"tone":"ironic","rating":"hard","theme":"auto","voice":true,"ambient":true}
95.4с настройки → Чёрная : {"tone":"ironic","rating":"hard","theme":"oled","voice":true,"ambient":true}
99.5с тема страницы: oled
99.9с сохранение о падении подготовлено: {"key":"dt2:game:gmue8i3hsbcjf","turn":3}
101.5с кнопка сохранения: Продолжить
103.1с эпилог: {
 "title": "Конец истории",
 "text": "Каин не дошёл до конца — история оборвалась на 3-м ходу.\nПройденный путь: Народная лестница → Следы в песке.\nЧто осталось в памяти: мост сожжён; караванщик Мара обещал помочь.\nЧто успел сделать: отследить оставшиеся следы каравана; спуститься в каньон по следа",
 "stats": [
  "3ходов",
  "1знакомых",
  "2осталось в памяти",
  "+1пепел"
 ],
 "legacy": "{\"version\":1,\"runs\":1,\"victories\":0,\"defeats\":1,\"ashes\":1,\"heroes\":[{\"name\":\"Каин\",\"className\":\"Песчаный Скорпион\",\"raceName\":\"Ржавый гном\",\"world\":\"Ржавые Пески Кар-Адама\",\"ending\":\"downfall\",\"turns\":3,\"at\":1790175976614}],\"deeds\":[\"отследить оставшиеся следы каравана\",\"спуститься в каньон по следам, держась ближе к скалам — там \",\"мост сожжён\",\"караванщик Мара обещал помочь\"],\"unlocked\":{\"origin-memory\":true}}"
}
103.3с наследие после кампании: {"runs":1,"defeats":1,"ashes":1,"heroes":1,"unlocked":["origin-memory"]}
104.0с после закрытия эпилога экраны: saves
106.4с наследие на экране героя: {"hidden":false,"text":"🕯 Пройдено кампаний: 1 (побед: 0, падений: 1). Пепел памяти: 1. Прошлая жизнь: Каин, Песчаный Скорпион — погиб в мире «Ржавые Пески Кар-Адама». Помнят о нём: с"}
107.4с сейв с взятой целью: {"key":"dt2:game:gmue8i3hsbcjf","turn":3,"hp":10,"over":false}
108.1с карточка победного сейва: Продолжить ok
109.7с финал с взятой целью: {
 "title": "Финал",
 "text": "Каин довёл дело до конца: Найти пропавший караван.\nПройденный путь: Народная лестница → Следы в песке.\nЧто осталось в памяти: мост сожжён; караванщик Мара обещал помочь.\nЧто успел сделать: отследить о",
 "stats": [
  "3ходов",
  "1знакомых",
  "2осталось в памяти",
  "+3пепел"
 ],
 "unlock": "🕯 Для будущих жизней открыто: Носитель наследия"
}
110.6с летопись после победы: {"ending":"victory","questDone":true,"endingSeen":true,"runs":2,"victories":1,"defeats":1,"ashes":4,"unlocked":["origin-memory","class-heir"],"chronicle":"Каин · victory · ходов 3"}
110.6с ошибки страницы: нет
ИТОГ: ✓
