2.0с экран героя открыт, строка: 🧠 Мастер (без ИИ): эту историю я пока не знаю — выбирай свободно.
2.0с стартовый набор: Воин
2.2с набор героя: Воин | строка: 🧠 Мастер (без ИИ): эту историю я пока не знаю — выбирай свободно.
2.2с шаги: {"class":"Класс","race":"Раса / вид","origin":"Происхождение","classes":6,"races":8,"origins":8,"legacy":true}
2.2с набор героя: {
 "classes": [
  {
   "title": "Воин",
   "hint": "Решает вопросы силой и упорством.",
   "bonus": "Сила +2 · Телосложение +1",
   "ability": "💨 Второе дыхание — Сразу +4 здоровья."
  },
  {
   "title": "Плут",
   "hint": "Тень, ловкость и немного наглости.",
   "bonus": "Ловкость +2 · Восприятие +1",
   "ability": "🌑 Тень — Следующий бросок — два d20, берём лучший."
  },
  {
   "title": "Учёный",
   "hint": "Знает то, что другим лучше не знать.",
   "bonus": "Разум +2 · Восприятие +1",
   "ability": "📐 Анализ — +3 к следующему броску."
  },
  {
   "title": "Одарённый",
   "hint": "Чувствует то, чего не видят глаза.",
   "bonus": "Разум +1 · Воля +2",
   "ability": "✨ Искра — Следующий бросок — два d20, берём лучший."
  }
 ],
 "races": [
  "🧍 Человек · горожанин или солдат",
  "🧝 Древний народ · эльф, сидх, житель леса",
  "⛰️ Каменный народ · дварф, гном, горный мастер"
 ],
 "origins": [
  "🏚️ · Улицы предместийДолг карточному дому растёт быстрее, чем ты успеваешь платить. · ЛОВ +1 · ВОС ",
  "🎖️ · Бывший солдатТы ушёл с поля боя, оставив там кого-то живого. · СИЛ +1 · ТЕЛ +1 · потёртый жето",
  "🔬 · Учёный-отступникЗа твоими записями охотится тот, кто их заказал. · РАЗ +2 · обгоревшая тетрадь"
 ]
}
2.4с перебор за 0.0с: новый набор: Песчаные Шакалы | Торговцы Водой | Механики Ржавчины | Охотники за Головами
12.6с строка после мира: 🧠 Мастер: Герой придуман под эту игру — «Другой набор» позовёт его снова
12.8с игровой экран открыт
16.0с игра: {
 "title": "Ржавые Пески Кар-Адама",
 "sub": "Следы в ржавчине · Ход 1 · ❤️ 9/9",
 "chapter": "Глава: Следы в ржавчине",
 "scene": "Ветер воет сквозь дыры в броне, песчинки бьют по стеклу визора. Впереди на дюне чернеют сломанные колеса. Магнитометр бесится, указывая на ч",
 "options": 3,
 "theme": "night",
 "avatarHidden": true,
 "actors": true,
 "speakHidden": false,
 "heroClass": "Песчаные Шакалы",
 "heroAbility": "Клык пустыни",
 "memory": {
  "place": "",
  "npcs": 1,
  "facts": 0
 },
 "worldHero": "custom",
 "styleId": "grimwood"
}
17.9с бросок 1: {"open":true,"value":"10","caption":"Проверка: Харизма 🎭Сложность 11 · Средне","check":"🎭 Харизма +1 · сложность 11 · шанс 55%","scene":"dice-scene dice-scene"}
55.2с ход 1: {
 "scene": "Тревожный крик размеется сквозь испуганные пески, отзываясь эхом, как отражение пустынной бури. Желтый Пыль рычит, а шар",
 "options": 3,
 "turn": 2,
 "memory": {
  "place": "разлом пустыни",
  "npcs": 2,
  "openings": 2,
  "deeds": 1
 },
 "chapter": "Глава: Следы в ржавчине",
 "imageKey": "grimwood:разлом-пустыни",
 "streamingSeen": true
}
56.8с бросок 2: {"open":true,"value":"19","caption":"Проверка: Восприятие 👁️Сложность 11 · Средне","check":"👁️ Восприятие +2 · сложность 11 · шанс 60%","scene":"dice-scene dice-scene"}
74.3с ход 2: {
 "scene": "Компас оживает в ладонях — стрелка крутится, будто живая, пока не замирает на едва заметной трещине в скале. Запах мокро",
 "options": 3,
 "turn": 3,
 "memory": {
  "place": "кромка каньона в метели",
  "npcs": 2,
  "openings": 3,
  "deeds": 2
 },
 "chapter": "Глава: Следы в ржавчине",
 "imageKey": "grimwood:кромка-каньона-в-метели",
 "streamingSeen": true
}
76.3с настройки: {"rows":5,"buttons":["Мрачно","Героично","С иронией","Мягко","Как в книге","Жёстко","🗣 Озвучка сцены","🚫 Без озвучки"]}
77.2с настройки → С иронией : {"tone":"ironic","rating":"normal","theme":"auto","voice":false,"ambient":true}
82.0с настройки → Жёстко : {"tone":"ironic","rating":"hard","theme":"auto","voice":false,"ambient":true}
86.7с настройки → 🗣 Озвучка сцены : {"tone":"ironic","rating":"hard","theme":"auto","voice":true,"ambient":true}
91.5с настройки → Чёрная : {"tone":"ironic","rating":"hard","theme":"oled","voice":true,"ambient":true}
95.5с тема страницы: oled
95.9с сохранение о падении подготовлено: {"key":"dt2:game:gmue7cx5kn2jf","turn":3}
97.6с кнопка сохранения: Продолжить
99.2с эпилог: {
 "title": "Конец истории",
 "text": "Каин не дошёл до конца — история оборвалась на 3-м ходу.\nПройденный путь: Следы в ржавчине.\nЧто осталось в памяти: мост сожжён; караванщик Мара обещал помочь.\nЧто успел сделать: закричать в метель, привлекая внимание; взять компас и выбрать направляющий путь ч",
 "stats": [
  "3ходов",
  "1знакомых",
  "2осталось в памяти",
  "+1пепел"
 ],
 "legacy": "{\"version\":1,\"runs\":1,\"victories\":0,\"defeats\":1,\"ashes\":1,\"heroes\":[{\"name\":\"Каин\",\"className\":\"Песчаные Шакалы\",\"raceName\":\"Пустынный лис\",\"world\":\"Ржавые Пески Кар-Адама\",\"ending\":\"downfall\",\"turns\":3,\"at\":1790174051762}],\"deeds\":[\"закричать в метель, привлекая внимание\",\"взять компас и выбрать направляющий путь через каньон\",\"мост сожжён\",\"караванщик Мара обещал помочь\"],\"unlocked\":{\"origin-memory\":true}}"
}
99.4с наследие после кампании: {"runs":1,"defeats":1,"ashes":1,"heroes":1,"unlocked":["origin-memory"]}
100.0с после закрытия эпилога экраны: saves
102.5с наследие на экране героя: {"hidden":false,"text":"🕯 Пройдено кампаний: 1 (побед: 0, падений: 1). Пепел памяти: 1. Прошлая жизнь: Каин, Песчаные Шакалы — погиб в мире «Ржавые Пески Кар-Адама». Помнят о нём: взя"}
103.5с сейв с взятой целью: {"key":"dt2:game:gmue7cx5kn2jf","turn":3,"hp":9,"over":false}
104.2с карточка победного сейва: Продолжить ok
105.9с финал с взятой целью: {
 "title": "Финал",
 "text": "Каин довёл дело до конца: Найти пропавший торговый караван.\nПройденный путь: Следы в ржавчине.\nЧто осталось в памяти: мост сожжён; караванщик Мара обещал помочь.\nЧто успел сделать: закричать в метель,",
 "stats": [
  "3ходов",
  "1знакомых",
  "2осталось в памяти",
  "+3пепел"
 ],
 "unlock": "🕯 Для будущих жизней открыто: Носитель наследия"
}
106.7с летопись после победы: {"ending":"victory","questDone":true,"endingSeen":true,"runs":2,"victories":1,"defeats":1,"ashes":4,"unlocked":["origin-memory","class-heir"],"chronicle":"Каин · victory · ходов 3"}
106.7с ошибки страницы: нет
ИТОГ: ✓
