2.0с экран героя открыт, строка: 🧠 Мастер придумывает героя под эту игру…
2.0с стартовый набор: Воин
9.2с набор героя: Воин | строка: 🧠 Мастер (без ИИ): эту историю я пока не знаю — выбирай свободно.
9.2с шаги: {"class":"Класс","race":"Раса / вид","origin":"Происхождение","classes":6,"races":8,"origins":8,"legacy":true}
9.2с набор героя: {
 "classes": [
  {
   "title": "Воин",
   "hint": "Решает вопросы силой и упорством.",
   "bonus": "Сила +2 · Телосложение +1",
   "ability": "💨 Второе дыхание — Сразу +4 здоровья."
  },
  {
   "title": "Плут",
   "hint": "Тень, ловкость и немного наглости.",
   "bonus": "Ловкость +2 · Восприятие +1",
   "ability": "🌑 Тень — Следующий бросок — два d20, берём лучший."
  },
  {
   "title": "Учёный",
   "hint": "Знает то, что другим лучше не знать.",
   "bonus": "Разум +2 · Восприятие +1",
   "ability": "📐 Анализ — +3 к следующему броску."
  },
  {
   "title": "Одарённый",
   "hint": "Чувствует то, чего не видят глаза.",
   "bonus": "Разум +1 · Воля +2",
   "ability": "✨ Искра — Следующий бросок — два d20, берём лучший."
  }
 ],
 "races": [
  "🧍 Человек · горожанин или солдат",
  "🧝 Древний народ · эльф, сидх, житель леса",
  "⛰️ Каменный народ · дварф, гном, горный мастер"
 ],
 "origins": [
  "🏚️ · Улицы предместийДолг карточному дому растёт быстрее, чем ты успеваешь платить. · ЛОВ +1 · ВОС ",
  "🎖️ · Бывший солдатТы ушёл с поля боя, оставив там кого-то живого. · СИЛ +1 · ТЕЛ +1 · потёртый жето",
  "🔬 · Учёный-отступникЗа твоими записями охотится тот, кто их заказал. · РАЗ +2 · обгоревшая тетрадь"
 ]
}
60.6с перебор за 51.1с: новый набор: Песчаные Шакалы | Торговцы Водой | Механики Ржавчины | Охотники за Головами
70.8с строка после мира: 🧠 Мастер: Герой придуман под эту игру — «Другой набор» позовёт его снова
71.0с игровой экран открыт
74.2с игра: {
 "title": "Ржавые Пески Кар-Адама",
 "sub": "Следы в ржавчине · Ход 1 · ❤️ 9/9",
 "chapter": "Глава: Следы в ржавчине",
 "scene": "Ветер воет сквозь дыры в броне, песчинки бьют по стеклу визора. Впереди на дюне чернеют сломанные колеса. Магнитометр бесится, указывая на ч",
 "options": 3,
 "theme": "night",
 "avatarHidden": true,
 "actors": true,
 "speakHidden": false,
 "heroClass": "Песчаные Шакалы",
 "heroAbility": "Клык пустыни",
 "memory": {
  "place": "",
  "npcs": 1,
  "facts": 0
 },
 "worldHero": "custom",
 "styleId": "grimwood"
}
75.7с бросок 1: {"open":true,"value":"12","caption":"Проверка: Харизма 🎭Сложность 11 · Средне","check":"🎭 Харизма +1 · сложность 11 · шанс 55%","scene":"dice-scene dice-scene"}
84.7с ход 1: {
 "scene": "Твой крик рвет тишину метели, и по склонам дюн появляются силуэты. Из песчаного тумана выступают три фигуры в рваных пла",
 "options": 3,
 "turn": 2,
 "memory": {
  "place": "дюна у сломанных колес",
  "npcs": 2,
  "openings": 2,
  "deeds": 1
 },
 "chapter": "Глава: Следы в ржавчине",
 "imageKey": "grimwood:дюна-у-сломанных-колес",
 "streamingSeen": true
}
86.2с бросок 2: {"open":true,"value":"19","caption":"Проверка: Харизма 🎭Сложность 11 · Средне","check":"🎭 Харизма +1 · сложность 11 · шанс 55%","scene":"dice-scene dice-scene"}
160.3с ход 2: {
 "scene": "Твой крик рвет тишину метели, и по склонам дюн появляются силуэты. Из песчаного тумана выступают три фигуры в рваных пла",
 "options": 3,
 "turn": 2,
 "memory": {
  "place": "дюна у сломанных колес",
  "npcs": 2,
  "openings": 2,
  "deeds": 1
 },
 "chapter": "Глава: Следы в ржавчине",
 "imageKey": "grimwood:дюна-у-сломанных-колес",
 "streamingSeen": false
}
node:internal/process/promises:391
    triggerUncaughtException(err, true /* fromPromise */);
    ^

page.click: Timeout 30000ms exceeded.
Call log:
  - waiting for locator('[data-act="close-game"]')
  -   locator resolved to <button type="button" data-act="close-game" aria-label="Закрыть игру" class="icon-btn icon-btn--close">✕</button>
  - attempting click action
  -   waiting for element to be visible, enabled and stable
  -   element is visible, enabled and stable
  -   scrolling into view if needed
  -   done scrolling
  -   <div class="prologue__head">…</div> from <div id="epilogue" class="prologue prologue--epilogue">…</div> subtree intercepts pointer events
  - retrying click action, attempt #1
  -   waiting for element to be visible, enabled and stable
  -   element is visible, enabled and stable
  -   scrolling into view if needed
  -   done scrolling
  -   <div class="prologue__head">…</div> from <div id="epilogue" class="prologue prologue--epilogue">…</div> subtree intercepts pointer events
  - retrying click action, attempt #2
  -   waiting 20ms
  -   waiting for element to be visible, enabled and stable
  -   element is visible, enabled and stable
  -   scrolling into view if needed
  -   done scrolling
  -   <div class="prologue__head">…</div> from <div id="epilogue" class="prologue prologue--epilogue">…</div> subtree intercepts pointer events
  - retrying click action, attempt #3
  -   waiting 100ms
  -   waiting for element to be visible, enabled and stable
  -   element is visible, enabled and stable
  -   scrolling into view if needed
  -   done scrolling
  -   <div class="prologue__head">…</div> from <div id="epilogue" class="prologue prologue--epilogue">…</div> subtree intercepts pointer events
  - retrying click action, attempt #4
  -   waiting 100ms
  -   waiting for element to be visible, enabled and stable
  -   element is visible, enabled and stable
  -   scrolling into view if needed
  -   done scrolling
  -   <div class="prologue__head">…</div> from <div id="epilogue" class="prologue prologue--epilogue">…</div> subtree intercepts pointer events
  - retrying click action, attempt #5
  -   waiting 500ms
  -   waiting for element to be visible, enabled and stable
  -   element is visible, enabled and stable
  -   scrolling into view if needed
  -   done scrolling
  -   <div class="prologue__head">…</div> from <div id="epilogue" class="prologue prologue--epilogue">…</div> subtree intercepts pointer events
  - retrying click action, attempt #6
  -   waiting 500ms
  -   waiting for element to be visible, enabled and stable
  -   element is visible, enabled and stable
  -   scrolling into view if needed
  -   done scrolling
  -   <div class="prologue__head">…</div> from <div id="epilogue" class="prologue prologue--epilogue">…</div> subtree intercepts pointer events
  - retrying click action, attempt #7
  -   waiting 500ms
  -   waiting for element to be visible, enabled and stable
  -   element is visible, enabled and stable
  -   scrolling into view if needed
  -   done scrolling
  -   <div class="prologue__head">…</div> from <div id="epilogue" class="prologue prologue--epilogue">…</div> subtree intercepts pointer events
  - retrying click action, attempt #8
  -   waiting 500ms
  -   waiting for element to be visible, enabled and stable
  -   element is visible, enabled and stable
  -   scrolling into view if needed
  -   done scrolling
  -   <div class="prologue__head">…</div> from <div id="epilogue" class="prologue prologue--epilogue">…</div> subtree intercepts pointer events
  - retrying click action, attempt #9
  -   waiting 500ms
  -   waiting for element to be visible, enabled and stable
  -   element is visible, enabled and stable
  -   scrolling into view if needed
  -   done scrolling
  -   <div class="prologue__head">…</div> from <div id="epilogue" class="prologue prologue--epilogue">…</div> subtree intercepts pointer events
  - retrying click action, attempt #10
  -   waiting 500ms
  -   waiting for element to be visible, enabled and stable
  -   element is visible, enabled and stable
  -   scrolling into view if needed
  -   done scrolling
  -   <div class="prologue__head">…</div> from <div id="epilogue" class="prologue prologue--epilogue">…</div> subtree intercepts pointer events
  - retrying click action, attempt #11
  -   waiting 500ms
  -   waiting for element to be visible, enabled and stable
  -   element is visible, enabled and stable
  -   scrolling into view if needed
  -   done scrolling
  -   <div class="prologue__head">…</div> from <div id="epilogue" class="prologue prologue--epilogue">…</div> subtree intercepts pointer events
  - retrying click action, attempt #12
  -   waiting 500ms
  -   waiting for element to be visible, enabled and stable
  -   element is visible, enabled and stable
  -   scrolling into view if needed
  -   done scrolling
  -   <div class="prologue__head">…</div> from <div id="epilogue" class="prologue prologue--epilogue">…</div> subtree intercepts pointer events
  - retrying click action, attempt #13
  -   waiting 500ms
  -   waiting for element to be visible, enabled and stable
  -   element is visible, enabled and stable
  -   scrolling into view if needed
  -   done scrolling
  -   <div class="prologue__head">…</div> from <div id="epilogue" class="prologue prologue--epilogue">…</div> subtree intercepts pointer events
  - retrying click action, attempt #14
  -   waiting 500ms
  -   waiting for element to be visible, enabled and stable
  -   element is visible, enabled and stable
  -   scrolling into view if needed
  -   done scrolling
  -   <div class="prologue__head">…</div> from <div id="epilogue" class="prologue prologue--epilogue">…</div> subtree intercepts pointer events
  - retrying click action, attempt #15
  -   waiting 500ms
  -   waiting for element to be visible, enabled and stable
  -   element is visible, enabled and stable
  -   scrolling into view if needed
  -   done scrolling
  -   <div class="prologue__head">…</div> from <div id="epilogue" class="prologue prologue--epilogue">…</div> subtree intercepts pointer events
  - retrying click action, attempt #16
  -   waiting 500ms
  -   waiting for element to be visible, enabled and stable
  -   element is visible, enabled and stable
  -   scrolling into view if needed
  -   done scrolling
  -   <div class="prologue__head">…</div> from <div id="epilogue" class="prologue prologue--epilogue">…</div> subtree intercepts pointer events
  - retrying click action, attempt #17
  -   waiting 500ms
  -   waiting for element to be visible, enabled and stable
  -   element is visible, enabled and stable
  -   scrolling into view if needed
  -   done scrolling
  -   <div class="prologue__head">…</div> from <div id="epilogue" class="prologue prologue--epilogue">…</div> subtree intercepts pointer events
  - retrying click action, attempt #18
  -   waiting 500ms
  -   waiting for element to be visible, enabled and stable
  -   element is visible, enabled and stable
  -   scrolling into view if needed
  -   done scrolling
  -   <div class="prologue__head">…</div> from <div id="epilogue" class="prologue prologue--epilogue">…</div> subtree intercepts pointer events
  - retrying click action, attempt #19
  -   waiting 500ms
  -   waiting for element to be visible, enabled and stable
  -   element is visible, enabled and stable
  -   scrolling into view if needed
  -   done scrolling
  -   <div class="prologue__head">…</div> from <div id="epilogue" class="prologue prologue--epilogue">…</div> subtree intercepts pointer events
  - retrying click action, attempt #20
  -   waiting 500ms
  -   waiting for element to be visible, enabled and stable
  -   element is visible, enabled and stable
  -   scrolling into view if needed
  -   done scrolling
  -   <div class="prologue__head">…</div> from <div id="epilogue" class="prologue prologue--epilogue">…</div> subtree intercepts pointer events
  - retrying click action, attempt #21
  -   waiting 500ms
  -   waiting for element to be visible, enabled and stable
  -   element is visible, enabled and stable
  -   scrolling into view if needed
  -   done scrolling
  -   <div class="prologue__head">…</div> from <div id="epilogue" class="prologue prologue--epilogue">…</div> subtree intercepts pointer events
  - retrying click action, attempt #22
  -   waiting 500ms
  -   waiting for element to be visible, enabled and stable
  -   element is visible, enabled and stable
  -   scrolling into view if needed
  -   done scrolling
  -   <div class="prologue__head">…</div> from <div id="epilogue" class="prologue prologue--epilogue">…</div> subtree intercepts pointer events
  - retrying click action, attempt #23
  -   waiting 500ms
  -   waiting for element to be visible, enabled and stable
  -   element is visible, enabled and stable
  -   scrolling into view if needed
  -   done scrolling
  -   <div class="prologue__head">…</div> from <div id="epilogue" class="prologue prologue--epilogue">…</div> subtree intercepts pointer events
  - retrying click action, attempt #24
  -   waiting 500ms
  -   waiting for element to be visible, enabled and stable
  -   element is visible, enabled and stable
  -   scrolling into view if needed
  -   done scrolling
  -   <div class="prologue__head">…</div> from <div id="epilogue" class="prologue prologue--epilogue">…</div> subtree intercepts pointer events
  - retrying click action, attempt #25
  -   waiting 500ms
  -   waiting for element to be visible, enabled and stable
  -   element is visible, enabled and stable
  -   scrolling into view if needed
  -   done scrolling
  -   <div class="prologue__head">…</div> from <div id="epilogue" class="prologue prologue--epilogue">…</div> subtree intercepts pointer events
  - retrying click action, attempt #26
  -   waiting 500ms
  -   waiting for element to be visible, enabled and stable
  -   element is visible, enabled and stable
  -   scrolling into view if needed
  -   done scrolling
  -   <div class="prologue__head">…</div> from <div id="epilogue" class="prologue prologue--epilogue">…</div> subtree intercepts pointer events
  - retrying click action, attempt #27
  -   waiting 500ms
  -   waiting for element to be visible, enabled and stable
  -   element is visible, enabled and stable
  -   scrolling into view if needed
  -   done scrolling
  -   <div class="prologue__head">…</div> from <div id="epilogue" class="prologue prologue--epilogue">…</div> subtree intercepts pointer events
  - retrying click action, attempt #28
  -   waiting 500ms
  -   waiting for element to be visible, enabled and stable
  -   element is visible, enabled and stable
  -   scrolling into view if needed
  -   done scrolling
  -   <div class="prologue__head">…</div> from <div id="epilogue" class="prologue prologue--epilogue">…</div> subtree intercepts pointer events
  - retrying click action, attempt #29
  -   waiting 500ms
  -   waiting for element to be visible, enabled and stable
  -   element is visible, enabled and stable
  -   scrolling into view if needed
  -   done scrolling
  -   <div class="prologue__head">…</div> from <div id="epilogue" class="prologue prologue--epilogue">…</div> subtree intercepts pointer events
  - retrying click action, attempt #30
  -   waiting 500ms
  -   waiting for element to be visible, enabled and stable
  -   element is visible, enabled and stable
  -   scrolling into view if needed
  -   done scrolling
  -   <div class="prologue__head">…</div> from <div id="epilogue" class="prologue prologue--epilogue">…</div> subtree intercepts pointer events
  - retrying click action, attempt #31
  -   waiting 500ms
  -   waiting for element to be visible, enabled and stable
  -   element is visible, enabled and stable
  -   scrolling into view if needed
  -   done scrolling
  -   <div class="prologue__head">…</div> from <div id="epilogue" class="prologue prologue--epilogue">…</div> subtree intercepts pointer events
  - retrying click action, attempt #32
  -   waiting 500ms
  -   waiting for element to be visible, enabled and stable
  -   element is visible, enabled and stable
  -   scrolling into view if needed
  -   done scrolling
  -   <div class="prologue__head">…</div> from <div id="epilogue" class="prologue prologue--epilogue">…</div> subtree intercepts pointer events
  - retrying click action, attempt #33
  -   waiting 500ms
  -   waiting for element to be visible, enabled and stable
  -   element is visible, enabled and stable
  -   scrolling into view if needed
  -   done scrolling
  -   <div class="prologue__head">…</div> from <div id="epilogue" class="prologue prologue--epilogue">…</div> subtree intercepts pointer events
  - retrying click action, attempt #34
  -   waiting 500ms
  -   waiting for element to be visible, enabled and stable
  -   element is visible, enabled and stable
  -   scrolling into view if needed
  -   done scrolling
  -   <div class="prologue__head">…</div> from <div id="epilogue" class="prologue prologue--epilogue">…</div> subtree intercepts pointer events
  - retrying click action, attempt #35
  -   waiting 500ms
  -   waiting for element to be visible, enabled and stable
  -   element is visible, enabled and stable
  -   scrolling into view if needed
  -   done scrolling
  -   <div class="prologue__head">…</div> from <div id="epilogue" class="prologue prologue--epilogue">…</div> subtree intercepts pointer events
  - retrying click action, attempt #36
  -   waiting 500ms
  -   waiting for element to be visible, enabled and stable
  -   element is visible, enabled and stable
  -   scrolling into view if needed
  -   done scrolling
  -   <div class="prologue__head">…</div> from <div id="epilogue" class="prologue prologue--epilogue">…</div> subtree intercepts pointer events
  - retrying click action, attempt #37
  -   waiting 500ms
  -   waiting for element to be visible, enabled and stable
  -   element is visible, enabled and stable
  -   scrolling into view if needed
  -   done scrolling
  -   <div class="prologue__head">…</div> from <div id="epilogue" class="prologue prologue--epilogue">…</div> subtree intercepts pointer events
  - retrying click action, attempt #38
  -   waiting 500ms
  -   waiting for element to be visible, enabled and stable
  -   element is visible, enabled and stable
  -   scrolling into view if needed
  -   done scrolling
  -   <div class="prologue__head">…</div> from <div id="epilogue" class="prologue prologue--epilogue">…</div> subtree intercepts pointer events
  - retrying click action, attempt #39
  -   waiting 500ms
  -   waiting for element to be visible, enabled and stable
  -   element is visible, enabled and stable
  -   scrolling into view if needed
  -   done scrolling
  -   <div class="prologue__head">…</div> from <div id="epilogue" class="prologue prologue--epilogue">…</div> subtree intercepts pointer events
  - retrying click action, attempt #40
  -   waiting 500ms
  -   waiting for element to be visible, enabled and stable
  -   element is visible, enabled and stable
  -   scrolling into view if needed
  -   done scrolling
  -   <div class="prologue__head">…</div> from <div id="epilogue" class="prologue prologue--epilogue">…</div> subtree intercepts pointer events
  - retrying click action, attempt #41
  -   waiting 500ms
  -   waiting for element to be visible, enabled and stable
  -   element is visible, enabled and stable
  -   scrolling into view if needed
  -   done scrolling
  -   <div class="prologue__head">…</div> from <div id="epilogue" class="prologue prologue--epilogue">…</div> subtree intercepts pointer events
  - retrying click action, attempt #42
  -   waiting 500ms
  -   waiting for element to be visible, enabled and stable
  -   element is visible, enabled and stable
  -   scrolling into view if needed
  -   done scrolling
  -   <div class="prologue__head">…</div> from <div id="epilogue" class="prologue prologue--epilogue">…</div> subtree intercepts pointer events
  - retrying click action, attempt #43
  -   waiting 500ms
  -   waiting for element to be visible, enabled and stable
  -   element is visible, enabled and stable
  -   scrolling into view if needed
  -   done scrolling
  -   <div class="prologue__head">…</div> from <div id="epilogue" class="prologue prologue--epilogue">…</div> subtree intercepts pointer events
  - retrying click action, attempt #44
  -   waiting 500ms
  -   waiting for element to be visible, enabled and stable
  -   element is visible, enabled and stable
  -   scrolling into view if needed
  -   done scrolling
  -   <div class="prologue__head">…</div> from <div id="epilogue" class="prologue prologue--epilogue">…</div> subtree intercepts pointer events
  - retrying click action, attempt #45
  -   waiting 500ms
  -   waiting for element to be visible, enabled and stable
  -   element is visible, enabled and stable
  -   scrolling into view if needed
  -   done scrolling
  -   <div class="prologue__head">…</div> from <div id="epilogue" class="prologue prologue--epilogue">…</div> subtree intercepts pointer events
  - retrying click action, attempt #46
  -   waiting 500ms
  -   waiting for element to be visible, enabled and stable
  -   element is visible, enabled and stable
  -   scrolling into view if needed
  -   done scrolling
  -   <div class="prologue__head">…</div> from <div id="epilogue" class="prologue prologue--epilogue">…</div> subtree intercepts pointer events
  - retrying click action, attempt #47
  -   waiting 500ms
  -   waiting for element to be visible, enabled and stable
  -   element is visible, enabled and stable
  -   scrolling into view if needed
  -   done scrolling
  -   <div class="prologue__head">…</div> from <div id="epilogue" class="prologue prologue--epilogue">…</div> subtree intercepts pointer events
  - retrying click action, attempt #48
  -   waiting 500ms
  -   waiting for element to be visible, enabled and stable
  -   element is visible, enabled and stable
  -   scrolling into view if needed
  -   done scrolling
  -   <div class="prologue__head">…</div> from <div id="epilogue" class="prologue prologue--epilogue">…</div> subtree intercepts pointer events
  - retrying click action, attempt #49
  -   waiting 500ms
  -   waiting for element to be visible, enabled and stable
  -   element is visible, enabled and stable
  -   scrolling into view if needed
  -   done scrolling
  -   <div class="prologue__head">…</div> from <div id="epilogue" class="prologue prologue--epilogue">…</div> subtree intercepts pointer events
  - retrying click action, attempt #50
  -   waiting 500ms
  -   waiting for element to be visible, enabled and stable
  -   element is visible, enabled and stable
  -   scrolling into view if needed
  -   done scrolling
  -   <div class="prologue__head">…</div> from <div id="epilogue" class="prologue prologue--epilogue">…</div> subtree intercepts pointer events
  - retrying click action, attempt #51
  -   waiting 500ms
  -   waiting for element to be visible, enabled and stable
  -   element is visible, enabled and stable
  -   scrolling into view if needed
  -   done scrolling
  -   <div class="prologue__head">…</div> from <div id="epilogue" class="prologue prologue--epilogue">…</div> subtree intercepts pointer events
  - retrying click action, attempt #52
  -   waiting 500ms
  -   waiting for element to be visible, enabled and stable
  -   element is visible, enabled and stable
  -   scrolling into view if needed
  -   done scrolling
  -   <div class="prologue__head">…</div> from <div id="epilogue" class="prologue prologue--epilogue">…</div> subtree intercepts pointer events
  - retrying click action, attempt #53
  -   waiting 500ms
  -   waiting for element to be visible, enabled and stable
  -   element is visible, enabled and stable
  -   scrolling into view if needed
  -   done scrolling
  -   <div class="prologue__head">…</div> from <div id="epilogue" class="prologue prologue--epilogue">…</div> subtree intercepts pointer events
  - retrying click action, attempt #54
  -   waiting 500ms
  -   waiting for element to be visible, enabled and stable
  -   element is visible, enabled and stable
  -   scrolling into view if needed
  -   done scrolling
  -   <div class="prologue__head">…</div> from <div id="epilogue" class="prologue prologue--epilogue">…</div> subtree intercepts pointer events
  - retrying click action, attempt #55
  -   waiting 500ms
  -   waiting for element to be visible, enabled and stable
  -   element is visible, enabled and stable
  -   scrolling into view if needed
  -   done scrolling
  -   <div class="prologue__head">…</div> from <div id="epilogue" class="prologue prologue--epilogue">…</div> subtree intercepts pointer events
  - retrying click action, attempt #56
  -   waiting 500ms
  -   waiting for element to be visible, enabled and stable
  -   element is visible, enabled and stable
  -   scrolling into view if needed
  -   done scrolling
  -   <div class="prologue__head">…</div> from <div id="epilogue" class="prologue prologue--epilogue">…</div> subtree intercepts pointer events
  - retrying click action, attempt #57
  -   waiting 500ms
  -   waiting for element to be visible, enabled and stable
  -   element is visible, enabled and stable
  -   scrolling into view if needed
  -   done scrolling
  -   <div class="prologue__head">…</div> from <div id="epilogue" class="prologue prologue--epilogue">…</div> subtree intercepts pointer events
  - retrying click action, attempt #58
  -   waiting 500ms
  -   waiting for element to be visible, enabled and stable
  -   element is visible, enabled and stable
  -   scrolling into view if needed
  -   done scrolling
  -   <div class="prologue__head">…</div> from <div id="epilogue" class="prologue prologue--epilogue">…</div> subtree intercepts pointer events
  - retrying click action, attempt #59
  -   waiting 500ms
  -   waiting for element to be visible, enabled and stable
  -   element is visible, enabled and stable
  -   scrolling into view if needed
  -   done scrolling
  -   <div class="prologue__head">…</div> from <div id="epilogue" class="prologue prologue--epilogue">…</div> subtree intercepts pointer events
  - retrying click action, attempt #60
  -   waiting 500ms

    at /home/user/tools/live-v6.js:196:14 {
  name: 'TimeoutError'
}

Node.js v20.20.2
