2.0с экран героя открыт, строка: 🧠 Мастер придумывает героя под эту игру…
2.0с стартовый набор: Воин
29.4с набор героя: Сыны Песчаного Шрама | строка: 🧠 Мастер: Герой придуман под эту игру — «Другой набор» позовёт его снова
29.4с шаги: {"class":"Клан","race":"Раса / вид","origin":"Происхождение","classes":4,"races":3,"origins":3,"legacy":true}
29.4с набор героя: {
 "classes": [
  {
   "title": "Сыны Песчаного Шрама",
   "hint": "следопыты клановых караванов, читают ржавчину как письмена",
   "bonus": "Ловкость +1 · Восприятие +2",
   "ability": "✨ Ржавый Взгляд — видит путь, по которому прошёл металл"
  },
  {
   "title": "Хранители Утренней Звезды",
   "hint": "воины-стражи, охраняют оазисы и караваны от песчаных духов",
   "bonus": "Сила +2 · Телосложение +1",
   "ability": "🌑 Удар Звезды — ослепляет врага на мгновение"
  },
  {
   "title": "Торговцы Чёрного Железа",
   "hint": "купцы-контрабандисты, знают тайные тропы и скрытые склады",
   "bonus": "Разум +1",
   "ability": "🌑 Серебряный Язык — убеждает даже врагов"
  },
  {
   "title": "Железные Шакалы",
   "hint": "наёмники-разведчики, выслеживают пропавшие караваны за плату",
   "bonus": "Ловкость +2 · Восприятие +1",
   "ability": "🌑 Тень Шакала — скрывается в ржавой пыли"
  }
 ],
 "races": [
  "🧝 Песчаный эльфне пьёт воду, но слаб в жару",
  "🦌 Железнокожийржавчина не берёт кожу",
  "🐉 Пустынный гномвидит в темноте шахт"
 ],
 "origins": [
  "🎲Бывший раб караван-сараязнает, кто продал караван · обрывок цепи",
  "🌪️Дитя оазисавидел, как ушёл караван ночью · фляга с последней водой",
  "👑Беглый механикчинил телегу перед исчезновением · гаечный ключ"
 ]
}
70.7с перебор за 41.1с: новый набор: Наследники Ржавой Цепи | Псы Пустоши | Хранители Песчаных Часов | Механики Железного Шторма
80.9с строка после мира: 🧠 Мастер: Герой придуман под эту игру — «Другой набор» позовёт его снова
81.1с игровой экран открыт
84.3с игра: {
 "title": "Ржавые Пески Кар-Адама",
 "sub": "Следы в ржавчине · Ход 1 · ❤️ 9/9",
 "chapter": "Глава: Следы в ржавчине",
 "scene": "Ветер воет сквозь дыры в броне, песчинки бьют по стеклу визора. Впереди на дюне чернеют сломанные колеса. Магнитометр бесится, указывая на ч",
 "options": 3,
 "theme": "night",
 "avatarHidden": true,
 "actors": true,
 "speakHidden": false,
 "heroClass": "Наследники Ржавой Цепи",
 "heroAbility": "Цепной клинок",
 "memory": {
  "place": "",
  "npcs": 1,
  "facts": 0
 },
 "worldHero": "custom",
 "styleId": "grimwood"
}
86.2с бросок 1: {"open":true,"value":"8","caption":"Проверка: Харизма 🎭Сложность 11 · Средне","check":"🎭 Харизма +1 · сложность 11 · шанс 55%","scene":"dice-scene dice-scene is-fail"}
95.1с ход 1: {
 "scene": "Крик рвёт горло, но ветер срезает голос, превращая его в хрип. Тишина в ответ давит на уши тяжелее, чем песчаная буря. В",
 "options": 3,
 "turn": 2,
 "memory": {
  "place": "дюна у сломанных колес",
  "npcs": 2,
  "openings": 2,
  "deeds": 1
 },
 "chapter": "Глава: Следы в ржавчине",
 "imageKey": "grimwood:дюна-у-сломанных-колес",
 "streamingSeen": true
}
96.7с бросок 2: {"open":true,"value":"20","caption":"Проверка: Восприятие 👁️Сложность 11 · Средне","check":"👁️ Восприятие +3 · сложность 11 · шанс 65%","scene":"dice-scene dice-scene is-crit"}
137.1с ход 2: {
 "scene": "Ты мгновенно превращаешься в песчаного оборотня, кожа становясь как крошка золота в пыли, а клыки и когти выпячиваются. ",
 "options": 3,
 "turn": 3,
 "memory": {
  "place": "пустынные дюны Кар-Адама",
  "npcs": 3,
  "openings": 3,
  "deeds": 2
 },
 "chapter": "Глава: Следы в ржавчине",
 "imageKey": "grimwood:дюна-у-сломанных-колес",
 "streamingSeen": true
}
139.1с настройки: {"rows":5,"buttons":["Мрачно","Героично","С иронией","Мягко","Как в книге","Жёстко","🗣 Озвучка сцены","🚫 Без озвучки"]}
140.0с настройки → С иронией : {"tone":"ironic","rating":"normal","theme":"auto","voice":false,"ambient":true}
144.8с настройки → Жёстко : {"tone":"ironic","rating":"hard","theme":"auto","voice":false,"ambient":true}
149.5с настройки → 🗣 Озвучка сцены : {"tone":"ironic","rating":"hard","theme":"auto","voice":true,"ambient":true}
154.3с настройки → Чёрная : {"tone":"ironic","rating":"hard","theme":"oled","voice":true,"ambient":true}
158.3с тема страницы: oled
158.7с сохранение о падении подготовлено: {"key":"dt2:game:gmue6xo2cmfu4","turn":3}
160.4с кнопка сохранения: Продолжить
162.0с эпилог: {
 "title": "Конец истории",
 "text": "Каин не дошёл до конца — история оборвалась на 3-м ходу.\nПройденный путь: Следы в ржавчине.\nЧто осталось в памяти: мост сожжён; караванщик Мара обещал помочь.\nЧто успел сделать: закричать в метель, привлекая внимание; инициировать трансформацию, чтобы встретит",
 "stats": [
  "3ходов",
  "1знакомых",
  "2осталось в памяти",
  "+1пепел"
 ],
 "legacy": "{\"version\":1,\"runs\":1,\"victories\":0,\"defeats\":1,\"ashes\":1,\"heroes\":[{\"name\":\"Каин\",\"className\":\"Наследники Ржавой Цепи\",\"raceName\":\"Песчаный оборотень\",\"world\":\"Ржавые Пески Кар-Адама\",\"ending\":\"downfall\",\"turns\":3,\"at\":1790173334656}],\"deeds\":[\"закричать в метель, привлекая внимание\",\"инициировать трансформацию, чтобы встретить хищника когтями \",\"мост сожжён\",\"караванщик Мара обещал помочь\"],\"unlocked\":{\"origin-memory\":true}}"
}
162.2с наследие после кампании: {"runs":1,"defeats":1,"ashes":1,"heroes":1,"unlocked":["origin-memory"]}
162.9с после закрытия эпилога экраны: saves
165.4с наследие на экране героя: {"hidden":false,"text":"🕯 Пройдено кампаний: 1 (побед: 0, падений: 1). Пепел памяти: 1. Прошлая жизнь: Каин, Наследники Ржавой Цепи — погиб в мире «Ржавые Пески Кар-Адама». Помнят о н"}
166.4с сейв с взятой целью: {"key":"dt2:game:gmue6xo2cmfu4","turn":3,"hp":9,"over":false}
167.1с карточка победного сейва: Продолжить ok
168.7с финал с взятой целью: {
 "title": "Финал",
 "text": "Каин довёл дело до конца: Найти пропавший торговый караван.\nПройденный путь: Следы в ржавчине.\nЧто осталось в памяти: мост сожжён; караванщик Мара обещал помочь.\nЧто успел сделать: закричать в метель,",
 "stats": [
  "3ходов",
  "1знакомых",
  "2осталось в памяти",
  "+3пепел"
 ],
 "unlock": "🕯 Для будущих жизней открыто: Носитель наследия"
}
169.6с летопись после победы: {"ending":"victory","questDone":true,"endingSeen":true,"runs":2,"victories":1,"defeats":1,"ashes":4,"unlocked":["origin-memory","class-heir"],"chronicle":"Каин · victory · ходов 3"}
169.6с ошибки страницы: нет
ИТОГ: ✓
